=========================================================
=========================================================

=========================================================
|                                                       |
|     Exercice 1 :  BD GESCOMI avec SQL 2               |
|     Manipulations-Interrogations de BD                |
|                                                       |
=========================================================


=========================================================
Ceci permet d initialiser le type de la date
=========================================================

Session modifié(e).

=========================================================
Destruction des tables de la bd GESCOMI EN SQL 2
=========================================================


Table DETAILCOM supprimé(e).


Table ARTICLES supprimé(e).


Table COMMANDES supprimé(e).


Table CLIENTS supprimé(e).



=========================================================
Crï¿½ation des tables de la bd GESCOMI EN SQL 2
=========================================================

=========================================================
>> Table : CLIENTS
=========================================================


Table CLIENTS créé(e).



=========================================================
>> Table : COMMANDES
=========================================================


Session modifié(e).


Table COMMANDES créé(e).



=========================================================
>> Table : ARTICLES
=========================================================


Table ARTICLES créé(e).



=========================================================
>> Table : DETAILCOM
=========================================================


Table DETAILCOM créé(e).



=====================================================================
Insertion des donnï¿½es de la bd EN SQL 2 POUR UN MAGASIN donnï¿½ Le FR01 de Paris
=====================================================================

=========================================================
>> Insertion dans la Table : CLIENTS
=========================================================


1 ligne inséré.


1 ligne inséré.


1 ligne inséré.


1 ligne inséré.


1 ligne inséré.


1 ligne inséré.


1 ligne inséré.


1 ligne inséré.


1 ligne inséré.


1 ligne inséré.


1 ligne inséré.


1 ligne inséré.


1 ligne inséré.


1 ligne inséré.


1 ligne inséré.


1 ligne inséré.


1 ligne inséré.



=========================================================
>> Insertion dans la Table : COMMANDES
=========================================================


1 ligne inséré.


1 ligne inséré.


1 ligne inséré.


1 ligne inséré.


1 ligne inséré.


1 ligne inséré.


Erreur commençant à la ligne: 359 de la commande -
INSERT INTO COMMANDES (NUMCOM, CODCLI, DATCOM)
VALUES ('20031FB', 'C001', 'FRIDAY 14-FEBRURAY-2003')
Rapport d'erreur -
ORA-01841: (full) year must be between -4713 and +9999, and not be 0


1 ligne inséré.


1 ligne inséré.


1 ligne inséré.


1 ligne inséré.


1 ligne inséré.


1 ligne inséré.


1 ligne inséré.


1 ligne inséré.


1 ligne inséré.


1 ligne inséré.


1 ligne inséré.


1 ligne inséré.


1 ligne inséré.


1 ligne inséré.


1 ligne inséré.


1 ligne inséré.


1 ligne inséré.


1 ligne inséré.


1 ligne inséré.


1 ligne inséré.


1 ligne inséré.



=========================================================
>> Insertion dans la Table : ARTICLES
=========================================================


1 ligne inséré.


1 ligne inséré.


1 ligne inséré.


1 ligne inséré.


1 ligne inséré.


1 ligne inséré.


1 ligne inséré.


1 ligne inséré.


1 ligne inséré.


1 ligne inséré.


1 ligne inséré.


1 ligne inséré.


1 ligne inséré.


1 ligne inséré.


1 ligne inséré.


1 ligne inséré.


1 ligne inséré.


1 ligne inséré.


1 ligne inséré.


1 ligne inséré.


1 ligne inséré.


1 ligne inséré.


1 ligne inséré.


1 ligne inséré.


1 ligne inséré.


1 ligne inséré.


1 ligne inséré.


1 ligne inséré.


1 ligne inséré.


1 ligne inséré.



=========================================================
>> Insertion dans la Table : DETAILCOM
=========================================================


1 ligne inséré.


1 ligne inséré.


1 ligne inséré.


1 ligne inséré.


1 ligne inséré.


1 ligne inséré.


1 ligne inséré.


1 ligne inséré.


1 ligne inséré.


1 ligne inséré.


1 ligne inséré.


1 ligne inséré.


1 ligne inséré.


1 ligne inséré.


1 ligne inséré.


1 ligne inséré.


Erreur commençant à la ligne: 579 de la commande -
INSERT INTO DETAILCOM (NUMCOM, REFART, QTCOM, PUART, REMISE)
VALUES ('20031FB', 'F1.008', 2, 3.29, 3.00)
Rapport d'erreur -
ORA-02291: integrity constraint (SYS.FK_DETAILCOM_NUMCOM_COM) violated - parent key not found


Erreur commençant à la ligne: 582 de la commande -
INSERT INTO DETAILCOM (NUMCOM, REFART, QTCOM, PUART, REMISE)
VALUES ('20031FB', 'F2.001', 1, 30.71, 0.00)
Rapport d'erreur -
ORA-02291: integrity constraint (SYS.FK_DETAILCOM_NUMCOM_COM) violated - parent key not found


Erreur commençant à la ligne: 585 de la commande -
INSERT INTO DETAILCOM (NUMCOM, REFART, QTCOM, PUART, REMISE)
VALUES ('20031FB', 'FB.001', 5, 21.00, 0.00)
Rapport d'erreur -
ORA-02291: integrity constraint (SYS.FK_DETAILCOM_NUMCOM_COM) violated - parent key not found


1 ligne inséré.


1 ligne inséré.


1 ligne inséré.


1 ligne inséré.


1 ligne inséré.


1 ligne inséré.


1 ligne inséré.


1 ligne inséré.


1 ligne inséré.


1 ligne inséré.


1 ligne inséré.


1 ligne inséré.


1 ligne inséré.


1 ligne inséré.


1 ligne inséré.


1 ligne inséré.


1 ligne inséré.


1 ligne inséré.


1 ligne inséré.


1 ligne inséré.


1 ligne inséré.


1 ligne inséré.


1 ligne inséré.


1 ligne inséré.


1 ligne inséré.


1 ligne inséré.


1 ligne inséré.


1 ligne inséré.

=========================================================
Validation des insertions dans la bd EN SQL 2
=========================================================
Validation (commit) terminée.


=========================================================
Affichage des tables de la bd EN SQL 2
=========================================================

CODCLI CIVCLI   NOMCLI   PRENCLI  CATCLI ADNCLI ADRCLI     CPCLI VILCLI PAYSCLI MAILCLI    TELCLI    
------ -------- -------- -------- ------ ------ ---------- ----- ------ ------- ---------- ----------
C001   Madame   CLEM@ENT EVE           1 18     BOULEVARD  91000 EPINAY FRANCE  eve.clemen +337778899
                                                FOCH             -SUR-O         t@gmail.co 11        
                                                                 RGE            m                    

C002   Madame   LESEUL   MARIE         1 21     AVENUE D I 75013 PARIS  FRANCE  marieleseu 0617586565
                                                TALIE                           l@yahoo.fr           

C003   Madame   UNIQUE   MARINE        2 77     RUE DE LA  13001 MARCHE FRANCE  munique@gm +337778899
                                                LIBERTE          ILLE           ail.com    22        

C004   Madame   CLEMENCE EVELYNE       3 8 BIS  BOULEVARD  93800 EPINAY FRANCE  clemence e +337778899
                                                FOCH             -SUR-S         velyne@gma 33        
                                                                 EINE           il.com               

C005   Madame   FORT     JEANNE        3 55     RUE DU JAP 94310 ORLY-V FRANCE  jfort\@hot +337778899
                                                ON               ILLE           mail.fr    44        

C006   Mademois LE BON   CLEMENCE      1 18     BOULEVARD  93800 EPINAY FRANCE  clemence.l 0033777889
       elle                                     FOCH             -SUR-S         e bon@cfo. 955       
                                                                 EINE           fr                   

C007   Mademois TRAIFOR  ALICE         2 6      RUE DE LA  75015 PARIS  FRANCE  alice.trai +337778899
       elle                                     ROSIERE                         for@yahoo. 66        
                                                                                fr                   

C008   Monsieur VIVANT   JEAN-BAP      1 13     RUE DE LA  93800 EPINAY FRANCE  jeanbaptis 0607      
                         TISTE                  PAIX             -SUR-S         te@                  
                                                                 EINE                                

C009   Monsieur CLEMENCE ALEXANDR      1 5      RUE DE BEL 75019 PARIS  FRANCE  alexandre. +331494040
                         E                      LEVILLE                         clemence@u 71        
                                                                                p13.fr               

C010   Monsieur TRAIFOR  ALEXANDR      1 16     AVENUE FOC 75016 PARIS  FRA     alexandre. 06070809  
                         E                      H                               traifor@up           
                                                                                13.fr                

C011   Monsieur PREMIER  JOS//EPH      2 77     RUE DE LA  13001 MARCHE FRANCE  josef@prem +337778899
                                                LIBERTE          ILLE           ier        77        

C012   Monsieur CLEMENT  ADAM          2 13     AVENUE JEA 9430  VILLET FRANCE  adam.cleme +331494040
                                                N BAPTISTE       ANEUSE         nt@gmail.c 72        
                                                 CLEMENT                        om                   

C013   Monsieur FORT     GABRIEL       5 1      AVENUE DE  99000 TUNIS  TUNISIE gabriel.fo +216248017
                                                CARTAGE                         rt@yahoo.f 77        
                                                                                r                    

C014   Monsieur ADAM     DAVID         5 1      AVENUE DE  99001 ROME   ITALIE  david.adam           
                                                ROME                            ï¿½@gmail            
                                                                                com                  

C015   Monsieur Labsent  pala          7 1      rue des ab 000   BAGDAD IRAQ    pala-labse           
                                                sents                           nt@paici             

C016   Madame   obsolete kadym         7 1      rue des an 000   CARTHA IFRIQIA inexistant inexistant
                                                ciens            GE                                  

C017   Madame   RAHYM    KARYM         1 1      RUE DES GE 1000  CARTHA TUNISIE karym.rahy +216248084
                                                NTILS            GE             m@gmail.co 44        
                                                                                m                    


17 lignes sélectionnées. 

Ecoulé : 00:00:00.364



NUMCOM     CODCLI DATCOM                      
---------- ------ ----------------------------
20001AB    C012   DIMANCHE 17-SEPTEMBRE-2000  
20002AB    C001   DIMANCHE 17-SEPTEMBRE-2000  
20003AB    C006   LUNDI    16-OCTOBRE  -2000  
20004AB    C006   MARDI    24-OCTOBRE  -2000  
20011RB    C012   LUNDI    22-JANVIER  -2001  
20012RB    C012   MARDI    13-MARS     -2001  
20051FB    C003   VENDREDI 07-JANVIER  -2005  
20052FB    C003   MERCREDI 12-JANVIER  -2005  
20053FB    C012   JEUDI    10-MARS     -2005  
20054FB    C007   LUNDI    14-MARS     -2005  
20055FB    C012   VENDREDI 11-MARS     -2005  
20056FB    C013   LUNDI    14-MARS     -2005  
20057FB    C014   VENDREDI 11-MARS     -2005  
20061FB    C010   VENDREDI 14-FÉVRIER  -2003  
20062FB    C009   VENDREDI 14-FÉVRIER  -2003  
20065FB    C007   VENDREDI 14-FÉVRIER  -2003  
20066FB    C002   VENDREDI 14-FÉVRIER  -2003  
20067FB    C002   VENDREDI 14-FÉVRIER  -2003  
20068FB    C002   VENDREDI 14-FÉVRIER  -2003  
20069FB    C002   MARDI    30-JANVIER  -2007  
20070FB    C002   MARDI    30-JANVIER  -2007  
20071FB    C013   MARDI    30-JANVIER  -2007  
20072FB    C013   MARDI    30-JANVIER  -2007  
20073FB    C014   MARDI    30-JANVIER  -2007  
20074FB    C014   MARDI    30-JANVIER  -2007  
20184FB    C014   LUNDI    17-SEPTEMBRE-2018  
20181AB    C012   LUNDI    17-SEPTEMBRE-2018  

27 lignes sélectionnées. 

Ecoulé : 00:00:00.138



REFART   NOMART                      PVART QSART   PAART
-------- ------------------------- ------- ----- -------
F1.001   SIEGE DE TABLE              35.00    10   26.43
F1.002   CASQUE CYCLISTE PROTECTIO   27.00    20   20.00
         N                                              

F1.003   BONNET PARE-CHOCS           10.71 ###      5.71
F1.004   STORE DE PROTECTION          7.43     5    4.29
F1.005   COINS DE PROTECTION          4.00 ###      1.71
F1.006   CACHE PRISE DE COURANT       2.29 ###       .71
F1.007   BLOQUE PORTE                 5.00     4    2.29
F1.008   BANDE DE FERMETURE           3.29     4    1.71
F1.009   PROTECTION DE FOUR          37.86    10   26.43
F1.010   PROTECTION DE CUISINIERE    30.71    10   22.86
F1.011   BABY PHONE                  80.71     3   45.71
F1.012   BRETELLE DE SECURITE        15.57     8   11.43
F1.013   HAUSSE-CHAISE               42.71     1   25.43
F1.014   COUVRE ROBINETTERIE          7.86    12    4.29
F2.001   BARRIERE DE PORTE, EN BOI   32.71     2   25.71
         S                                              

F2.002   BARRIERE DE PORTE, EN MET   49.14     3   28.43
         AL                                             

F2.003   BARRIERE DE LIT             23.71    10   15.71
F2.004   PORTE-BEBE                  44.86     6   34.29
F2.005   SIEGE-AUTO COSMOS          126.86     2   71.43
F2.006   SIEGE-AUTO EUROSEAT        121.29     2   71.43
FB.001   DVD-SPIRIT                  24.90     2   12.00
FB.002   DVD-SPIDER MAN              24.90     2   12.00
FB.003   DVD-SPIDER MAN 2            24.90     2   12.00
WD.001   K7 VIDEO-TOY STORY          21.29    10    9.29
WD.002   DVD-TOY STORY 2             34.29    10   12.14
WD.003   K7 VIDEO-WINNIE L OURSON    22.86     5    9.29
WD.004   DVD-FRERES DES OURS         35.00     3   13.00
WD.005   K7 VIDEO-LE ROI LION        30.00     1   13.00
WD.006   K7 VIDEO-LE ROI LION 2      30.00     4   13.00
WD.007   K7 VIDEO-LE ROI LION 3      30.00     3   13.00

30 lignes sélectionnées. 

Ecoulé : 00:00:00.106



NUMCOM     REFART   QTCOM   PUART  REMISE
---------- -------- ----- ------- -------
20001AB    F1.001       2   35.00    2.50
20001AB    F1.003       4   10.71    3.00
20001AB    F1.013       2   49.14     .00
20001AB    WD.001       1   21.29     .00
20002AB    F1.001       2   33.00    3.00
20002AB    WD.001       1   21.29     .00
20002AB    WD.002       1   34.29     .00
20002AB    WD.003       1   22.86     .00
20003AB    FB.001       5   21.00    4.00
20003AB    WD.002       1   34.29     .00
20003AB    WD.003       1   22.86     .00
20004AB    F1.008       2    3.29    3.50
20004AB    WD.001       1   21.29    2.50
20012RB    F1.007       5    5.00    3.00
20012RB    F1.009       1   37.86     .00
20012RB    FB.003       5   24.00     .00
20051FB    F1.008       2    3.29     .00
20051FB    FB.001       5   21.00    4.00
20052FB    F1.001       2   35.00     .00
20052FB    F1.003       4   10.71     .00
20052FB    F1.013       2   49.14    3.50
20052FB    WD.001       1   21.29     .00
20052FB    WD.003       1   22.86     .00
20053FB    WD.003       1   22.86     .00
20054FB    WD.003       1   22.86     .00
20055FB    F1.008       5    3.29     .00
20055FB    F1.009       1   37.86     .00
20055FB    F1.011       2   80.71     .00
20055FB    F2.001       1   30.71     .00
20056FB    F1.011       2   80.71     .00
20057FB    F2.001       1   30.71     .00
20061FB    FB.003       5   24.00     .00
20062FB    FB.003       5   24.00     .00
20065FB    FB.003       5   24.00     .00
20066FB    FB.003       5   24.00     .00
20067FB    FB.001      22   24.00     .00
20068FB    FB.001      22   24.00     .00
20069FB    FB.001      25   58.00     .00
20070FB    FB.001      50   24.00     .00
20071FB    FB.001      37   27.90     .00
20072FB    FB.001       8   34.00     .00
20073FB    FB.001      35   15.50     .00
20074FB    FB.001      12   19.99     .00
20181AB    FB.001       7   17.77     .00

44 lignes sélectionnées. 

Ecoulé : 00:00:00.076


=========================================================
FB-A : Requetes sur la bd EN SQL 2 : A, B, C, D, E, F, I, J...
=========================================================

=========================================================
FB-B : Requetes sur la bd EN SQL 2
=========================================================

=========================================================
>> Requete : Les Noms des clients (Avec ï¿½ventuellement des doublons)
=========================================================


NOMCLI  
--------
CLEM@ENT
LESEUL
UNIQUE
CLEMENCE
FORT
LE BON
TRAIFOR
VIVANT
CLEMENCE
TRAIFOR
PREMIER
CLEMENT
FORT
ADAM
Labsent
obsolete
RAHYM

17 lignes sélectionnées. 

Ecoulé : 00:00:00.012


=========================================================
>> Requete : Les Noms des clients (Sans les doublons)
=========================================================


NOMCLI  
--------
LE BON
VIVANT
UNIQUE
PREMIER
CLEM@ENT
CLEMENT
obsolete
CLEMENCE
FORT
TRAIFOR
ADAM
RAHYM
LESEUL
Labsent

14 lignes sélectionnées. 

Ecoulé : 00:00:00.017


=========================================================
>> Requete : Les Noms des clients NON MAJUSCULEs !
=========================================================


NOMCLI  
--------
Labsent
obsolete

Ecoulé : 00:00:00.019


=========================================================
>> Requete : Les Noms des clients NON Alphabï¿½tiques !
=========================================================


Erreur commençant à la ligne: 923 de la commande -
SELECT NOMCLI FROM CLIENTS WHERE NOT -- ??? ^[A..Z a..z];

-- >>>>>>>>>>>>>>>>>>>>>>>>>> -- Rï¿½sultat gï¿½nï¿½rï¿½:
-- ???
PROMPT
-- pause Tapez sur Enter...
PROMPT


PROMPT =====================================================================
PROMPT >> Requete : Articles commandï¿½s toujours en quantitï¿½ > 5
PROMPT =====================================================================
PROMPT
TTITLE CENTER 'Requete: les articles toujours commandï¿½s en quantitï¿½ superieure ï¿½ 5' skip 1 -
       LEFT   '=========================================================================' skip 0
SELECT d.NUMCOM, a.REFART, a.NOMART
FROM   ARTICLES a, DETAILCOM d
WHERE  a.REFART = d.REFART
AND    d.QTCOM > 5
Erreur à la ligne de commande: 932 Colonne: 4
Rapport d'erreur -
Erreur SQL : Paramètre IN ou OUT absent dans l'index :: 1
Ecoulé : 00:00:00.025


=====================================================================
>> Requete : Articles sans remise depuis le 1er JANUARY 2005
=====================================================================


                                                                                                                                                                                                                                                                                                                                                                                                                                                                                       Requete: Articles sans remise depuis le 1er JANUARY 2005                                                                                                                                                                                                                                                                                                                                                                                                                                                                                       
=========================================================================                                                                                                                                                                                                                                                                                                                                                                                                                                                                                                                                                                                                                                                                                                                                                                                                                                                                                                                                                             
                                                                                                                                                                                                                                                                                                                                                                                                                                                                                                                                                                                                                                                                                                                                                                                                                                                                                                                                                                                                                                      
NUMCOM     REFART   NOMART                   
---------- -------- -------------------------
20052FB    F1.001   SIEGE DE TABLE           
20052FB    F1.003   BONNET PARE-CHOCS        
20055FB    F1.008   BANDE DE FERMETURE       
20051FB    F1.008   BANDE DE FERMETURE       
20055FB    F1.009   PROTECTION DE FOUR       
20056FB    F1.011   BABY PHONE               
20055FB    F1.011   BABY PHONE               
20057FB    F2.001   BARRIERE DE PORTE, EN BOI
                    S                        

20055FB    F2.001   BARRIERE DE PORTE, EN BOI
                    S                        

20181AB    FB.001   DVD-SPIRIT               
20074FB    FB.001   DVD-SPIRIT               
20073FB    FB.001   DVD-SPIRIT               
20072FB    FB.001   DVD-SPIRIT               
20071FB    FB.001   DVD-SPIRIT               
20070FB    FB.001   DVD-SPIRIT               
20069FB    FB.001   DVD-SPIRIT               
20052FB    WD.001   K7 VIDEO-TOY STORY       
20054FB    WD.003   K7 VIDEO-WINNIE L OURSON 
20053FB    WD.003   K7 VIDEO-WINNIE L OURSON 
20052FB    WD.003   K7 VIDEO-WINNIE L OURSON 

20 lignes sélectionnées. 

Ecoulé : 00:00:00.185


=========================================================
>> Requete : Chiffre d affaires global du magasin en question
=========================================================



=========================================================
>> Requete : Chiffre d affaires par jour
=========================================================



=========================================================
>> Requete : Chiffre d affaires par mois
=========================================================



=========================================================
>> Requete : Chiffre d affaires par annï¿½e
=========================================================



=========================================================
>> Requete : Chiffre d affaires par ville du client
=========================================================



=========================================================
>> Requete : Chiffre d affaires par pays du client
=========================================================


                                                                                                                                                                                                                                                                                                                                                                                                                                                                                     Requete: permet de determiner le chiffre d affaires par pays                                                                                                                                                                                                                                                                                                                                                                                                                                                                                     
=========================================================================                                                                                                                                                                                                                                                                                                                                                                                                                                                                                                                                                                                                                                                                                                                                                                                                                                                                                                                                                             
                                                                                                                                                                                                                                                                                                                                                                                                                                                                                                                                                                                                                                                                                                                                                                                                                                                                                                                                                                                                                                      
PAYSCLI CHIFFRE_AFFAIRES
------- ----------------
FRA                  120
TUNISIE 1465,72         
FRANCE  5580,76245      
ITALIE  813,09          

Ecoulé : 00:00:00.105


=========================================================
>> Requete : Chiffre d affaires par pays et par ville du client
=========================================================



=====================================================================
>> Requete : Articles commandï¿½s par tous les parisiens
=====================================================================


mmand                                                                                                                                                                                                                                                                                                                                                                                                                                                                                             Requete:lesarticlesquisontcommand                                                                                                                                                                                                                                                                                                                                                                                                                                                                                                   
                                                                                                                                                                                                                                                                                                                                                                                                                                                                                                                                                                                                                                                                                                                                                                                                                                                                                                                                                                                                                                      
partouslesparisiens skip 1        LEFT   =========================================================================                                                                                                                                                                                                                                                                                                                                                                                                                                                                                                                                                                                                                                                                                                                                                                                                                                                                                                                    
0                                                                                                                                                                                                                                                                                                                                                                                                                                                                                                                                                                                                                                                                                                                                                                                                                                                                                                                                                                                                                                     
REFART   NOMART                   
-------- -------------------------
FB.003   DVD-SPIDER MAN 2         

Ecoulé : 00:00:00.065



Table MAGASINS supprimé(e).

Ecoulé : 00:00:00.080
=====================================================================
>> Table : MAGASINS
=====================================================================

Table MAGASINS créé(e).

Ecoulé : 00:00:00.051
=====================================================================
Insertion des donnï¿½es de la bd GESCOMI EN SQL 2
=====================================================================

=====================================================================
>> Table : MAGASINS
=====================================================================


1 ligne inséré.

Ecoulé : 00:00:00.009

1 ligne inséré.

Ecoulé : 00:00:00.006

1 ligne inséré.

Ecoulé : 00:00:00.007

1 ligne inséré.

Ecoulé : 00:00:00.008

1 ligne inséré.

Ecoulé : 00:00:00.007

1 ligne inséré.

Ecoulé : 00:00:00.005

1 ligne inséré.

Ecoulé : 00:00:00.006

1 ligne inséré.

Ecoulé : 00:00:00.005

1 ligne inséré.

Ecoulé : 00:00:00.006

1 ligne inséré.

Ecoulé : 00:00:00.006

1 ligne inséré.

Ecoulé : 00:00:00.029

1 ligne inséré.

Ecoulé : 00:00:00.005

1 ligne inséré.

Ecoulé : 00:00:00.010

1 ligne inséré.

Ecoulé : 00:00:00.011

1 ligne inséré.

Ecoulé : 00:00:00.006
Validation (commit) terminée.
Ecoulé : 00:00:00.017


=====================================================================
Affichage des magasins de  l entreprise BB EN SQL 2
=====================================================================


mmand                                                                                                                                                                                                                                                                                                                                                                                                                                                                                             Requete:lesarticlesquisontcommand                                                                                                                                                                                                                                                                                                                                                                                                                                                                                                   
                                                                                                                                                                                                                                                                                                                                                                                                                                                                                                                                                                                                                                                                                                                                                                                                                                                                                                                                                                                                                                      
partouslesparisiens skip 1        LEFT   =========================================================================                                                                                                                                                                                                                                                                                                                                                                                                                                                                                                                                                                                                                                                                                                                                                                                                                                                                                                                    
0                                                                                                                                                                                                                                                                                                                                                                                                                                                                                                                                                                                                                                                                                                                                                                                                                                                                                                                                                                                                                                     
NUMM NOMMAG     TELMAG     ADRNU ADRRUEMAG  ADRCPMA ADRVILLEMA ADRPAYSMAG
---- ---------- ---------- ----- ---------- ------- ---------- ----------
FR01 BB-BE KIND 0142586485 18    AVENUE FOC 91000   PARIS      FRANCE    
                                 H                                       
                                                                         
                                                                         
                                                                         

FR02 BB-SAY PLE +331538007 21    AVENUE D I 75013   PARIS      FRANCE    
     ASE        96               TALIE                                   
                                                                         
                                                                         
                                                                         

FR03 BB-SAY THA 0254974410 77    RUE DE LA  13001   MARCHEILLE FRANCE    
     NK YOU                      LIBERTE                                 
                                                                         
                                                                         
                                                                         

FR04 BB-WORK HA 0657985246 8 BIS BOULEVARD  93800   EPINAY-SUR FRANCE    
     RD                          FOCH               -SEINE               
                                                                         
                                                                         
                                                                         

FR05 BB-ENCOURA 0546874430 55    RUE DU JAP 94310   ORLY-VILLE FRANCE    
     GE EACH OT                  ON                                      
     HER                                                                 
                                                                         
                                                                         

FR06 BB-SAY I M 0549876546 18    BOULEVARD  93800   LYON       FRANCE    
      SORRY                      FOCH                                    
                                                                         
                                                                         
                                                                         

FR07 BB-LIBERTE 0466468720 6     RUE DE LA  75015   PARIS      FRANCE    
      EGALITE F                  ROSIERE                                 
     RATERNITE                                                           
                                                                         
                                                                         

BE01 BB-YES WEE 0032574465 13    RUE DE LA  99999   BRUXELLES  BELGIQUE  
     K-END      71               PAIX                                    
                                                                         
                                                                         
                                                                         

BE02 BB-FAMILY  0032549875 5     RUE DE BEL 99999   BRUXELLES  BELGIQUE  
     RULES      41               LEVILLE                                 
                                                                         
                                                                         
                                                                         

BE03 BB-DO YOUR 0032546713 16    AVENUE FOC 99998   ANDERLECK  BELGIQUE  
      BEST      274              H                                       
                                                                         
                                                                         
                                                                         

BE04 BB-FORGIVE 0032647875 77    RUE DE LA  99998   ANDERLECK  BELGIQUE  
      OTHERS    42               LIBERTE                                 
                                                                         
                                                                         
                                                                         

BE05 BB-SERVICE 0032448746 134   AVENUE DES 99999   BRUXELLES  BELGIQUE  
     S          842               LILAS                                  
                                                                         
                                                                         
                                                                         

TN01 BB-AZIZ M@ 0099676877 1     AVENUE DE  99000   TUNIS      TUNISIE   
     M@         45               CARTAGE                                 
                                                                         
                                                                         
                                                                         

TN02 BB-SALEM A +216248882 11    BOULEVARD  4001    SOUSSE     TUNISIE   
     LIK        22               DU 14 JANU                              
                                 ARY 2011                                
                                                                         
                                                                         

IT01 BB-BELLA C 0099241564 1     AVENUE DE  99001   ROME       ITALIE    
     IAO        315              ROME                                    
                                                                         
                                                                         
                                                                         


15 lignes sélectionnées. 

Ecoulé : 00:00:03.285



Table MAGASINS modifié(e).

Ecoulé : 00:00:00.068

Elément Procedure CREERMAILMAG compilé

Ecoulé : 00:00:00.291

Procédure PL/SQL terminée.

Ecoulé : 00:00:00.054
=====================================================================
Affichage des magasins de  l entreprise BB EN SQL 2
=====================================================================


mmand                                                                                                                                                                                                                                                                                                                                                                                                                                                                                             Requete:lesarticlesquisontcommand                                                                                                                                                                                                                                                                                                                                                                                                                                                                                                   
                                                                                                                                                                                                                                                                                                                                                                                                                                                                                                                                                                                                                                                                                                                                                                                                                                                                                                                                                                                                                                      
partouslesparisiens skip 1        LEFT   =========================================================================                                                                                                                                                                                                                                                                                                                                                                                                                                                                                                                                                                                                                                                                                                                                                                                                                                                                                                                    
0                                                                                                                                                                                                                                                                                                                                                                                                                                                                                                                                                                                                                                                                                                                                                                                                                                                                                                                                                                                                                                     
NUMM NOMMAG   TELMAG     ADRNU ADRRUEMAG  ADRCPMA ADRVILLEMA ADRPAYSMAG MAILMAG   
---- -------- ---------- ----- ---------- ------- ---------- ---------- ----------
FR01 BB-BE KI 0142586485 18    AVENUE FOC 91000   PARIS      FRANCE     bbfr01@gma
     ND                        H                                        il.com    
                                                                                  
                                                                                  
                                                                                  
                                                                                  
                                                                                  

FR02 BB-SAY P +331538007 21    AVENUE D I 75013   PARIS      FRANCE     bbfr02@gma
     LEASE    96               TALIE                                    il.com    
                                                                                  
                                                                                  
                                                                                  
                                                                                  
                                                                                  

FR03 BB-SAY T 0254974410 77    RUE DE LA  13001   MARCHEILLE FRANCE     bbfr03@gma
     HANK YOU                  LIBERTE                                  il.com    
                                                                                  
                                                                                  
                                                                                  
                                                                                  
                                                                                  

FR04 BB-WORK  0657985246 8 BIS BOULEVARD  93800   EPINAY-SUR FRANCE     bbfr04@gma
     HARD                      FOCH               -SEINE                il.com    
                                                                                  
                                                                                  
                                                                                  
                                                                                  
                                                                                  

FR05 BB-ENCOU 0546874430 55    RUE DU JAP 94310   ORLY-VILLE FRANCE     bbfr05@gma
     RAGE EAC                  ON                                       il.com    
     H OTHER                                                                      
                                                                                  
                                                                                  
                                                                                  
                                                                                  

FR06 BB-SAY I 0549876546 18    BOULEVARD  93800   LYON       FRANCE     bbfr06@gma
      M SORRY                  FOCH                                     il.com    
                                                                                  
                                                                                  
                                                                                  
                                                                                  
                                                                                  

FR07 BB-LIBER 0466468720 6     RUE DE LA  75015   PARIS      FRANCE     bbfr07@gma
     TE EGALI                  ROSIERE                                  il.com    
     TE FRATE                                                                     
     RNITE                                                                        
                                                                                  
                                                                                  
                                                                                  

BE01 BB-YES W 0032574465 13    RUE DE LA  99999   BRUXELLES  BELGIQUE   bbbe01@gma
     EEK-END  71               PAIX                                     il.com    
                                                                                  
                                                                                  
                                                                                  
                                                                                  
                                                                                  

BE02 BB-FAMIL 0032549875 5     RUE DE BEL 99999   BRUXELLES  BELGIQUE   bbbe02@gma
     Y RULES  41               LEVILLE                                  il.com    
                                                                                  
                                                                                  
                                                                                  
                                                                                  
                                                                                  

BE03 BB-DO YO 0032546713 16    AVENUE FOC 99998   ANDERLECK  BELGIQUE   bbbe03@gma
     UR BEST  274              H                                        il.com    
                                                                                  
                                                                                  
                                                                                  
                                                                                  
                                                                                  

BE04 BB-FORGI 0032647875 77    RUE DE LA  99998   ANDERLECK  BELGIQUE   bbbe04@gma
     VE OTHER 42               LIBERTE                                  il.com    
     S                                                                            
                                                                                  
                                                                                  
                                                                                  
                                                                                  

BE05 BB-SERVI 0032448746 134   AVENUE DES 99999   BRUXELLES  BELGIQUE   bbbe05@gma
     CES      842               LILAS                                   il.com    
                                                                                  
                                                                                  
                                                                                  
                                                                                  
                                                                                  

TN01 BB-AZIZ  0099676877 1     AVENUE DE  99000   TUNIS      TUNISIE    bbtn01@gma
     M@M@     45               CARTAGE                                  il.com    
                                                                                  
                                                                                  
                                                                                  
                                                                                  
                                                                                  

TN02 BB-SALEM +216248882 11    BOULEVARD  4001    SOUSSE     TUNISIE    bbtn02@gma
      ALIK    22               DU 14 JANU                               il.com    
                               ARY 2011                                           
                                                                                  
                                                                                  
                                                                                  
                                                                                  

IT01 BB-BELLA 0099241564 1     AVENUE DE  99001   ROME       ITALIE     bbit01@gma
      CIAO    315              ROME                                     il.com    
                                                                                  
                                                                                  
                                                                                  
                                                                                  
                                                                                  


15 lignes sélectionnées. 

Ecoulé : 00:00:04.891


SQL> spool magasin.csv
