=========================================================
=========================================================

=========================================================
|                                                       |
|     Exercice 3 :  BD GESCOMI avec SQL 2               |
|     IntÃ©gration de BD                                 |
|                                                       |
=========================================================


=========================================================
Ceci permet d initialiser le type de la date
=========================================================
=========================================================
Ceci permet d initialiser le type de la date
=========================================================

Session modifiée.

Ecoulé : 00 :00 :00.00

Session modifiée.

Ecoulé : 00 :00 :00.02
=========================================================

Table supprimée.

Ecoulé : 00 :00 :00.26

Table créée.

Ecoulé : 00 :00 :00.08

1 ligne créée.

Ecoulé : 00 :00 :00.03

1 ligne créée.

Ecoulé : 00 :00 :00.00

1 ligne créée.

Ecoulé : 00 :00 :00.01

1 ligne créée.

Ecoulé : 00 :00 :00.00

1 ligne créée.

Ecoulé : 00 :00 :00.00

1 ligne créée.

Ecoulé : 00 :00 :00.00

1 ligne créée.

Ecoulé : 00 :00 :00.00

1 ligne créée.

Ecoulé : 00 :00 :00.00

1 ligne créée.

Ecoulé : 00 :00 :00.00

1 ligne créée.

Ecoulé : 00 :00 :00.00

1 ligne créée.

Ecoulé : 00 :00 :00.00

1 ligne créée.

Ecoulé : 00 :00 :00.01

1 ligne créée.

Ecoulé : 00 :00 :00.00

1 ligne créée.

Ecoulé : 00 :00 :00.00

1 ligne créée.

Ecoulé : 00 :00 :00.00

1 ligne créée.

Ecoulé : 00 :00 :00.00

1 ligne créée.

Ecoulé : 00 :00 :00.00

1 ligne créée.

Ecoulé : 00 :00 :00.00

1 ligne créée.

Ecoulé : 00 :00 :00.00

1 ligne créée.

Ecoulé : 00 :00 :00.00

1 ligne créée.

Ecoulé : 00 :00 :00.00

1 ligne créée.

Ecoulé : 00 :00 :00.00

1 ligne créée.

Ecoulé : 00 :00 :00.01

1 ligne créée.

Ecoulé : 00 :00 :00.00

1 ligne créée.

Ecoulé : 00 :00 :00.00

1 ligne créée.

Ecoulé : 00 :00 :00.00

1 ligne créée.

Ecoulé : 00 :00 :00.00

1 ligne créée.

Ecoulé : 00 :00 :00.00

1 ligne créée.

Ecoulé : 00 :00 :00.00

1 ligne créée.

Ecoulé : 00 :00 :00.00

1 ligne créée.

Ecoulé : 00 :00 :00.00

1 ligne créée.

Ecoulé : 00 :00 :00.00

1 ligne créée.

Ecoulé : 00 :00 :00.00

1 ligne créée.

Ecoulé : 00 :00 :00.01

1 ligne créée.

Ecoulé : 00 :00 :00.00

1 ligne créée.

Ecoulé : 00 :00 :00.00

1 ligne créée.

Ecoulé : 00 :00 :00.00

1 ligne créée.

Ecoulé : 00 :00 :00.00

1 ligne créée.

Ecoulé : 00 :00 :00.00

1 ligne créée.

Ecoulé : 00 :00 :00.00

1 ligne créée.

Ecoulé : 00 :00 :00.00

1 ligne créée.

Ecoulé : 00 :00 :00.00

1 ligne créée.

Ecoulé : 00 :00 :00.00

1 ligne créée.

Ecoulé : 00 :00 :00.01

1 ligne créée.

Ecoulé : 00 :00 :00.00

1 ligne créée.

Ecoulé : 00 :00 :00.00

1 ligne créée.

Ecoulé : 00 :00 :00.00

1 ligne créée.

Ecoulé : 00 :00 :00.00

1 ligne créée.

Ecoulé : 00 :00 :00.00

1 ligne créée.

Ecoulé : 00 :00 :00.00

1 ligne créée.

Ecoulé : 00 :00 :00.00

1 ligne créée.

Ecoulé : 00 :00 :00.00

1 ligne créée.

Ecoulé : 00 :00 :00.00

1 ligne créée.

Ecoulé : 00 :00 :00.00

1 ligne créée.

Ecoulé : 00 :00 :00.01

1 ligne créée.

Ecoulé : 00 :00 :00.00

1 ligne créée.

Ecoulé : 00 :00 :00.00

1 ligne créée.

Ecoulé : 00 :00 :00.00

1 ligne créée.

Ecoulé : 00 :00 :00.00

1 ligne créée.

Ecoulé : 00 :00 :00.00

1 ligne créée.

Ecoulé : 00 :00 :00.00

1 ligne créée.

Ecoulé : 00 :00 :00.00

1 ligne créée.

Ecoulé : 00 :00 :00.00

1 ligne créée.

Ecoulé : 00 :00 :00.00

1 ligne créée.

Ecoulé : 00 :00 :00.01

1 ligne créée.

Ecoulé : 00 :00 :00.00

1 ligne créée.

Ecoulé : 00 :00 :00.00

1 ligne créée.

Ecoulé : 00 :00 :00.00

1 ligne créée.

Ecoulé : 00 :00 :00.00

1 ligne créée.

Ecoulé : 00 :00 :00.00

1 ligne créée.

Ecoulé : 00 :00 :00.00

1 ligne créée.

Ecoulé : 00 :00 :00.00

1 ligne créée.

Ecoulé : 00 :00 :00.00

1 ligne créée.

Ecoulé : 00 :00 :00.00

1 ligne créée.

Ecoulé : 00 :00 :00.01

1 ligne créée.

Ecoulé : 00 :00 :00.00

1 ligne créée.

Ecoulé : 00 :00 :00.00

1 ligne créée.

Ecoulé : 00 :00 :00.00

1 ligne créée.

Ecoulé : 00 :00 :00.00

1 ligne créée.

Ecoulé : 00 :00 :00.00

1 ligne créée.

Ecoulé : 00 :00 :00.00

1 ligne créée.

Ecoulé : 00 :00 :00.00

1 ligne créée.

Ecoulé : 00 :00 :00.00

1 ligne créée.

Ecoulé : 00 :00 :00.00

1 ligne créée.

Ecoulé : 00 :00 :00.01

1 ligne créée.

Ecoulé : 00 :00 :00.00

1 ligne créée.

Ecoulé : 00 :00 :00.00

1 ligne créée.

Ecoulé : 00 :00 :00.00

1 ligne créée.

Ecoulé : 00 :00 :00.00

1 ligne créée.

Ecoulé : 00 :00 :00.00

1 ligne créée.

Ecoulé : 00 :00 :00.00

1 ligne créée.

Ecoulé : 00 :00 :00.00

1 ligne créée.

Ecoulé : 00 :00 :00.00

1 ligne créée.

Ecoulé : 00 :00 :00.00

1 ligne créée.

Ecoulé : 00 :00 :00.01

1 ligne créée.

Ecoulé : 00 :00 :00.00

1 ligne créée.

Ecoulé : 00 :00 :00.00

1 ligne créée.

Ecoulé : 00 :00 :00.00

1 ligne créée.

Ecoulé : 00 :00 :00.00

1 ligne créée.

Ecoulé : 00 :00 :00.00

1 ligne créée.

Ecoulé : 00 :00 :00.00

1 ligne créée.

Ecoulé : 00 :00 :00.00

1 ligne créée.

Ecoulé : 00 :00 :00.00

1 ligne créée.

Ecoulé : 00 :00 :00.00

1 ligne créée.

Ecoulé : 00 :00 :00.00

Validation effectuée.

Ecoulé : 00 :00 :00.05
DROP TABLE CLIENTS_FR02
           *
ERREUR à la ligne 1 :
ORA-00942: Table ou vue inexistante 


Ecoulé : 00 :00 :00.03

Table créée.

Ecoulé : 00 :00 :00.05

1 ligne créée.

Ecoulé : 00 :00 :00.02

1 ligne créée.

Ecoulé : 00 :00 :00.00

1 ligne créée.

Ecoulé : 00 :00 :00.00

1 ligne créée.

Ecoulé : 00 :00 :00.00

1 ligne créée.

Ecoulé : 00 :00 :00.00

1 ligne créée.

Ecoulé : 00 :00 :00.01

1 ligne créée.

Ecoulé : 00 :00 :00.00

1 ligne créée.

Ecoulé : 00 :00 :00.00

1 ligne créée.

Ecoulé : 00 :00 :00.00

1 ligne créée.

Ecoulé : 00 :00 :00.00

1 ligne créée.

Ecoulé : 00 :00 :00.00

1 ligne créée.

Ecoulé : 00 :00 :00.00

1 ligne créée.

Ecoulé : 00 :00 :00.00

1 ligne créée.

Ecoulé : 00 :00 :00.01

1 ligne créée.

Ecoulé : 00 :00 :00.00

1 ligne créée.

Ecoulé : 00 :00 :00.00

1 ligne créée.

Ecoulé : 00 :00 :00.00

1 ligne créée.

Ecoulé : 00 :00 :00.00

1 ligne créée.

Ecoulé : 00 :00 :00.00

1 ligne créée.

Ecoulé : 00 :00 :00.00

1 ligne créée.

Ecoulé : 00 :00 :00.00

1 ligne créée.

Ecoulé : 00 :00 :00.00

1 ligne créée.

Ecoulé : 00 :00 :00.01

1 ligne créée.

Ecoulé : 00 :00 :00.00

1 ligne créée.

Ecoulé : 00 :00 :00.00
DROP TABLE ARTICLES_FR02
           *
ERREUR à la ligne 1 :
ORA-00942: Table ou vue inexistante 


Ecoulé : 00 :00 :00.04

Table créée.

Ecoulé : 00 :00 :00.02

1 ligne créée.

Ecoulé : 00 :00 :00.02

1 ligne créée.

Ecoulé : 00 :00 :00.00

1 ligne créée.

Ecoulé : 00 :00 :00.00

1 ligne créée.

Ecoulé : 00 :00 :00.00

1 ligne créée.

Ecoulé : 00 :00 :00.00

1 ligne créée.

Ecoulé : 00 :00 :00.00

1 ligne créée.

Ecoulé : 00 :00 :00.00

1 ligne créée.

Ecoulé : 00 :00 :00.01

1 ligne créée.

Ecoulé : 00 :00 :00.00

1 ligne créée.

Ecoulé : 00 :00 :00.00

1 ligne créée.

Ecoulé : 00 :00 :00.00

1 ligne créée.

Ecoulé : 00 :00 :00.00

1 ligne créée.

Ecoulé : 00 :00 :00.00

1 ligne créée.

Ecoulé : 00 :00 :00.00

1 ligne créée.

Ecoulé : 00 :00 :00.00

1 ligne créée.

Ecoulé : 00 :00 :00.01

1 ligne créée.

Ecoulé : 00 :00 :00.00

1 ligne créée.

Ecoulé : 00 :00 :00.00

1 ligne créée.

Ecoulé : 00 :00 :00.00

1 ligne créée.

Ecoulé : 00 :00 :00.00

1 ligne créée.

Ecoulé : 00 :00 :00.00

1 ligne créée.

Ecoulé : 00 :00 :00.00

1 ligne créée.

Ecoulé : 00 :00 :00.00

1 ligne créée.

Ecoulé : 00 :00 :00.00
DROP TABLE COMMANDES_FR02
           *
ERREUR à la ligne 1 :
ORA-00942: Table ou vue inexistante 


Ecoulé : 00 :00 :00.02

Table créée.

Ecoulé : 00 :00 :00.02

1 ligne créée.

Ecoulé : 00 :00 :00.01

1 ligne créée.

Ecoulé : 00 :00 :00.00

1 ligne créée.

Ecoulé : 00 :00 :00.00

1 ligne créée.

Ecoulé : 00 :00 :00.00

1 ligne créée.

Ecoulé : 00 :00 :00.00

1 ligne créée.

Ecoulé : 00 :00 :00.00

1 ligne créée.

Ecoulé : 00 :00 :00.01
DROP TABLE DETAILSCOM_FR02
           *
ERREUR à la ligne 1 :
ORA-00942: Table ou vue inexistante 


Ecoulé : 00 :00 :00.01

Table créée.

Ecoulé : 00 :00 :00.02

1 ligne créée.

Ecoulé : 00 :00 :00.02

1 ligne créée.

Ecoulé : 00 :00 :00.00

1 ligne créée.

Ecoulé : 00 :00 :00.00

1 ligne créée.

Ecoulé : 00 :00 :00.00

1 ligne créée.

Ecoulé : 00 :00 :00.00

1 ligne créée.

Ecoulé : 00 :00 :00.01

1 ligne créée.

Ecoulé : 00 :00 :00.00

1 ligne créée.

Ecoulé : 00 :00 :00.00

1 ligne créée.

Ecoulé : 00 :00 :00.00

1 ligne créée.

Ecoulé : 00 :00 :00.00

1 ligne créée.

Ecoulé : 00 :00 :00.00

1 ligne créée.

Ecoulé : 00 :00 :00.00

1 ligne créée.

Ecoulé : 00 :00 :00.00

1 ligne créée.

Ecoulé : 00 :00 :00.00

1 ligne créée.

Ecoulé : 00 :00 :00.00

1 ligne créée.

Ecoulé : 00 :00 :00.01

Validation effectuée.

Ecoulé : 00 :00 :00.00
DROP TABLE CLIENTS_TN02
           *
ERREUR à la ligne 1 :
ORA-00942: Table ou vue inexistante 


Ecoulé : 00 :00 :00.02

Table créée.

Ecoulé : 00 :00 :00.01

1 ligne créée.

Ecoulé : 00 :00 :00.02

1 ligne créée.

Ecoulé : 00 :00 :00.00

1 ligne créée.

Ecoulé : 00 :00 :00.00

1 ligne créée.

Ecoulé : 00 :00 :00.01

1 ligne créée.

Ecoulé : 00 :00 :00.00

1 ligne créée.

Ecoulé : 00 :00 :00.00

1 ligne créée.

Ecoulé : 00 :00 :00.00

1 ligne créée.

Ecoulé : 00 :00 :00.00

1 ligne créée.

Ecoulé : 00 :00 :00.00

1 ligne créée.

Ecoulé : 00 :00 :00.00

1 ligne créée.

Ecoulé : 00 :00 :00.00

1 ligne créée.

Ecoulé : 00 :00 :00.00

1 ligne créée.

Ecoulé : 00 :00 :00.01

1 ligne créée.

Ecoulé : 00 :00 :00.00

1 ligne créée.

Ecoulé : 00 :00 :00.00

1 ligne créée.

Ecoulé : 00 :00 :00.00

1 ligne créée.

Ecoulé : 00 :00 :00.00

1 ligne créée.

Ecoulé : 00 :00 :00.00

1 ligne créée.

Ecoulé : 00 :00 :00.00

1 ligne créée.

Ecoulé : 00 :00 :00.00

1 ligne créée.

Ecoulé : 00 :00 :00.01

1 ligne créée.

Ecoulé : 00 :00 :00.00

1 ligne créée.

Ecoulé : 00 :00 :00.00

1 ligne créée.

Ecoulé : 00 :00 :00.00

1 ligne créée.

Ecoulé : 00 :00 :00.00

1 ligne créée.

Ecoulé : 00 :00 :00.00
DROP TABLE ARTICLES_TN02
           *
ERREUR à la ligne 1 :
ORA-00942: Table ou vue inexistante 


Ecoulé : 00 :00 :00.01

Table créée.

Ecoulé : 00 :00 :00.03

1 ligne créée.

Ecoulé : 00 :00 :00.02

1 ligne créée.

Ecoulé : 00 :00 :00.00

1 ligne créée.

Ecoulé : 00 :00 :00.00

1 ligne créée.

Ecoulé : 00 :00 :00.00

1 ligne créée.

Ecoulé : 00 :00 :00.00

1 ligne créée.

Ecoulé : 00 :00 :00.00

1 ligne créée.

Ecoulé : 00 :00 :00.00

1 ligne créée.

Ecoulé : 00 :00 :00.00

1 ligne créée.

Ecoulé : 00 :00 :00.01

1 ligne créée.

Ecoulé : 00 :00 :00.00

1 ligne créée.

Ecoulé : 00 :00 :00.00

1 ligne créée.

Ecoulé : 00 :00 :00.00

1 ligne créée.

Ecoulé : 00 :00 :00.00

1 ligne créée.

Ecoulé : 00 :00 :00.00

1 ligne créée.

Ecoulé : 00 :00 :00.00

1 ligne créée.

Ecoulé : 00 :00 :00.00

1 ligne créée.

Ecoulé : 00 :00 :00.00

1 ligne créée.

Ecoulé : 00 :00 :00.01

1 ligne créée.

Ecoulé : 00 :00 :00.00

1 ligne créée.

Ecoulé : 00 :00 :00.00

1 ligne créée.

Ecoulé : 00 :00 :00.00

1 ligne créée.

Ecoulé : 00 :00 :00.00

1 ligne créée.

Ecoulé : 00 :00 :00.00

1 ligne créée.

Ecoulé : 00 :00 :00.00
DROP TABLE COMMANDES_TN02
           *
ERREUR à la ligne 1 :
ORA-00942: Table ou vue inexistante 


Ecoulé : 00 :00 :00.02

Table créée.

Ecoulé : 00 :00 :00.02

1 ligne créée.

Ecoulé : 00 :00 :00.01

1 ligne créée.

Ecoulé : 00 :00 :00.00

1 ligne créée.

Ecoulé : 00 :00 :00.00

1 ligne créée.

Ecoulé : 00 :00 :00.00

1 ligne créée.

Ecoulé : 00 :00 :00.00

1 ligne créée.

Ecoulé : 00 :00 :00.00

1 ligne créée.

Ecoulé : 00 :00 :00.00
DROP TABLE DETAILSCOM_TN02
           *
ERREUR à la ligne 1 :
ORA-00942: Table ou vue inexistante 


Ecoulé : 00 :00 :00.02

Table créée.

Ecoulé : 00 :00 :00.01

1 ligne créée.

Ecoulé : 00 :00 :00.02

1 ligne créée.

Ecoulé : 00 :00 :00.00

1 ligne créée.

Ecoulé : 00 :00 :00.00

1 ligne créée.

Ecoulé : 00 :00 :00.00

1 ligne créée.

Ecoulé : 00 :00 :00.00

1 ligne créée.

Ecoulé : 00 :00 :00.00

1 ligne créée.

Ecoulé : 00 :00 :00.00

1 ligne créée.

Ecoulé : 00 :00 :00.00

1 ligne créée.

Ecoulé : 00 :00 :00.01

1 ligne créée.

Ecoulé : 00 :00 :00.00

1 ligne créée.

Ecoulé : 00 :00 :00.00

1 ligne créée.

Ecoulé : 00 :00 :00.00

1 ligne créée.

Ecoulé : 00 :00 :00.00

1 ligne créée.

Ecoulé : 00 :00 :00.00

1 ligne créée.

Ecoulé : 00 :00 :00.00

1 ligne créée.

Ecoulé : 00 :00 :00.00

Validation effectuée.

Ecoulé : 00 :00 :00.02

Procédure créée.

Ecoulé : 00 :00 :00.09

Procédure PL/SQL terminée avec succès.

Ecoulé : 00 :00 :00.12

Procédure PL/SQL terminée avec succès.

Ecoulé : 00 :00 :00.06

Procédure PL/SQL terminée avec succès.

Ecoulé : 00 :00 :00.06

COL1                                               COL2                                               COL3                                               COL4                                               COL5                                               COL6                                               COL7                                               COL8                                               COL9                                               COL10                                              COL11                MAGASIN                                                                                                                                                                                                                                                                                                                                                                                                                                                                              
-------------------------------------------------- -------------------------------------------------- -------------------------------------------------- -------------------------------------------------- -------------------------------------------------- -------------------------------------------------- -------------------------------------------------- -------------------------------------------------- -------------------------------------------------- -------------------------------------------------- -------------------- --------------------------------------------------                                                                                                                                                                                                                                                                                                                                                                                                                                   
2994570                                            Madame                                             RAHMA                                              CLEMENCE                                           3                                                  8, BOULEVARD FOCH                                  93800                                              EPINAY-SUR-SEINE                                   FRANCE                                             clemence.rahma@up13.fr                             +33617586565         FR01                                                                                                                                                                                                                                                                                                                                                                                                                                                                                 
2996100                                            Monsieur                                           CLEMENCE                                           ALEXANDRE                                          1                                                  5, RUE DE BELLEVILLE                               75019                                              PARIS                                              FRANCE                                             alexandre.clemence@up13.fr                         +33617586566         FR01                                                                                                                                                                                                                                                                                                                                                                                                                                                                                 
2997007                                            Monsieur                                           TRAIFOR                                            ADAM                                               2                                                  13, AVENUE J. B. CLEMENT                           93430                                              VILLETANEUSE                                       FRANCE                                             adam.traifor@up13.fr                               +33617586567         FR01                                                                                                                                                                                                                                                                                                                                                                                                                                                                                 
2997777                                            Mademoiselle                                       LE BON                                             CLEMENTINE                                         1                                                  18, BOULEVARD FOCH                                 93800                                              EPINAY-SUR-SEINE                                                                                      clementine.le bon@up13.fr                          +33617586568         FR01                                                                                                                                                                                                                                                                                                                                                                                                                                                                                 
2998500                                            Monsieur                                           CHEVALIER                                          INES                                               1                                                  13, RUE DE LA PAIX                                 93800                                              EPINAY SUR SEINE                                   FRANCE                                             ines.chevalier@up13.fr                             0717586560           FR01                                                                                                                                                                                                                                                                                                                                                                                                                                                                                 
3001777                                            Monsieur                                           LE BON                                             Adam                                               1                                                  186, AVENUE D ITALIE                               75013                                              PARIS                                              FRANCE                                             adam.le bon@up13.fr                                0717586561           FR01                                                                                                                                                                                                                                                                                                                                                                                                                                                                                 
2998505                                            Mademoiselle                                       TRAIFOR                                            ALICE                                              2                                                  6, RUE DE LA ROSIERE                               75015                                              PARIS                                                                                                 alice.traifor@up13.fr                              0717586562           FR01                                                                                                                                                                                                                                                                                                                                                                                                                                                                                 
3000106                                            Monsieur                                           HARISSA                                            FORD                                               1                                                  16, AVENUE FOCH                                    75016                                              PARIS                                              FRANCE                                             ford.harissa@up13.fr                               0606                 FR01                                                                                                                                                                                                                                                                                                                                                                                                                                                                                 
3000107                                            MOÂ NSIEUR                                         ONRI                                               PANDA                                              2                                                  77, RUE DE LA LIBERTE                              13001                                              MARSEILLE                                          FRANCE                                             panda.onri@up13.fr                                 +33                  FR01                                                                                                                                                                                                                                                                                                                                                                                                                                                                                 
3000108                                            Madame                                             EDITE                                              FIAT                                               1                                                  21, AVENUE D ITALIE                                75013                                              PARIS                                                                                                 fiat.edite@up13.fr                                                      FR01                                                                                                                                                                                                                                                                                                                                                                                                                                                                                 
3000109                                            Madame                                             TOYOTA                                             JACKSON                                            3                                                  55, RUE DU JAPON                                   94310                                              ORLY VILLE                                         FRANCE                                             jackson.toyota@up13.fr                                                  FR01                                                                                                                                                                                                                                                                                                                                                                                                                                                                                 
3000110                                            MADAME                                             ONRI                                               HONDA                                              2                                                  77, RUE DE LA LIBERTE                              13001                                              MARSEILLE                                          FRANC                                              honda.onri@up13.fr                                                      FR01                                                                                                                                                                                                                                                                                                                                                                                                                                                                                 
3000111                                            Madame                                             GENEREUX                                           EVE                                                1                                                  18, BOULEVARD KELLERMAN                            75013                                              PARYS                                              FR                                                 eve.genereux@up13.fr                                                    FR01                                                                                                                                                                                                                                                                                                                                                                                                                                                                                 
299PPPP                                            Mlle                                               BON                                                CLEMENTINE                                         1                                                  18, BOULEVARD FOCH                                 93800                                              EPINAY-SUR-SEINE                                   FRANCE                                             clementine.bon@up13.fr                             +21624801801         FR01                                                                                                                                                                                                                                                                                                                                                                                                                                                                                 
3001                                               M.                                                 LE BON                                             Adam                                               1                                                  186, AVENUE D ITALIE                               75013                                              Paris                                                                                                 adam.le bon@up13.fr                                                     FR01                                                                                                                                                                                                                                                                                                                                                                                                                                                                                 
3001777                                            Mr                                                 LE BON                                             Adem                                               1                                                  186, AVENUE D ITALIE                               75013                                              PARIS                                              france                                             adem.le bon@up13.fr                                                     FR01                                                                                                                                                                                                                                                                                                                                                                                                                                                                                 
3001778                                            Mr                                                 COURTOIS                                           Bruno                                              1                                                                                                                                                        Bruxelles                                          Belgique                                           bruno.courtois@gmail.com                                                FR01                                                                                                                                                                                                                                                                                                                                                                                                                                                                                 
3001779                                            Monsieur                                           VANDERHOTE                                         Ivan                                               1                                                                                                                                                        Bruxelles                                          Belgique                                           ivan.vanderhote@gmail.com                                               FR01                                                                                                                                                                                                                                                                                                                                                                                                                                                                                 
3001780                                            Monsieur                                           Hollanda                                           Francis                                            1                                                                                                                                                        Bruxelles                                          Belgique                                           francis.hollanda@gmail.com                                              FR01                                                                                                                                                                                                                                                                                                                                                                                                                                                                                 
3001781                                            Monsieur                                           Bernard                                            Hugues                                             1                                                                                                                                                        Bruxelles                                          Belgique                                           hugues.bernard@gmail.com                                                FR01                                                                                                                                                                                                                                                                                                                                                                                                                                                                                 
3001782                                            Monsieur                                           LATIFOU                                            Ilyas                                              1                                                                                                                                                        Brusselle                                          Belgic                                             ilyas.latifou@gmail.com                                                 FR01                                                                                                                                                                                                                                                                                                                                                                                                                                                                                 
3001783                                            Madame                                             LALLEMAND                                          Ines                                               1                                                                                                                                                        Berlin                                             ALLEMANGNE                                         ines.lallemand@gmail.com                                                FR01                                                                                                                                                                                                                                                                                                                                                                                                                                                                                 
3001784                                            Monsieur                                           DEUTCH                                             Hans                                               1                                                                                                                                                        Berlin                                             ALLEMANGNE                                         hans.deutch@gmail.com                                                   FR01                                                                                                                                                                                                                                                                                                                                                                                                                                                                                 
3001785                                            Madame                                             ALMANI                                             Eve                                                1                                                                                                                                                        Berlin                                             ALLEMANGNE                                         eve.almani@gmail.com                                                    FR01                                                                                                                                                                                                                                                                                                                                                                                                                                                                                 
3001786                                            Madame                                             MERQUELLE                                          Ange                                               1                                                                                                                                                        Dublin                                             ALEMANGNE                                          angela.merquelle@gmail.com                                              FR01                                                                                                                                                                                                                                                                                                                                                                                                                                                                                 

25 lignes sélectionnées.

Ecoulé : 00 :00 :00.00

COL1                                               COL2                                               COL3                                               COL4                                               COL5                                               COL6                                               COL7                                               COL8                                               COL9                                               COL10                                              COL11                MAGASIN                                                                                                                                                                                                                                                                                                                                                                                                                                                                              
-------------------------------------------------- -------------------------------------------------- -------------------------------------------------- -------------------------------------------------- -------------------------------------------------- -------------------------------------------------- -------------------------------------------------- -------------------------------------------------- -------------------------------------------------- -------------------------------------------------- -------------------- --------------------------------------------------                                                                                                                                                                                                                                                                                                                                                                                                                                   
2994570                                            Madame                                             RAHMA                                              CLEMENCE                                           3                                                  8, BOULEVARD FOCH                                  93800                                              EPINAY-SUR-SEINE                                   FRANCE                                             clemence.rahma@up13.fr                             +33617586565         FR02                                                                                                                                                                                                                                                                                                                                                                                                                                                                                 
2996100                                            Monsieur                                           CLEMENCE                                           ALEXANDRE                                          1                                                  5, RUE DE BELLEVILLE                               75019                                              PARIS                                              FRANCE                                             alexandre.clemence@up13.fr                         +33617586566         FR02                                                                                                                                                                                                                                                                                                                                                                                                                                                                                 
2997007                                            Monsieur                                           TRAIFOR                                            ADAM                                               2                                                  13, AVENUE J. B. CLEMENT                           93430                                              VILLETANEUSE                                       FRANCE                                             adam.traifor@up13.fr                               +33617586567         FR02                                                                                                                                                                                                                                                                                                                                                                                                                                                                                 
2997777                                            Mademoiselle                                       LE BON                                             CLEMENTINE                                         1                                                  18, BOULEVARD FOCH                                 93800                                              EPINAY-SUR-SEINE                                                                                      clementine.le bon@up13.fr                          +33617586568         FR02                                                                                                                                                                                                                                                                                                                                                                                                                                                                                 
2998500                                            Monsieur                                           CHEVALIER                                          INES                                               1                                                  13, RUE DE LA PAIX                                 93800                                              EPINAY SUR SEINE                                   FRANCE                                             ines.chevalier@up13.fr                             0717586560           FR02                                                                                                                                                                                                                                                                                                                                                                                                                                                                                 
3001777                                            Monsieur                                           LE BON                                             Adam                                               1                                                  186, AVENUE D ITALIE                               75013                                              PARIS                                              FRANCE                                             adam.le bon@up13.fr                                0717586561           FR02                                                                                                                                                                                                                                                                                                                                                                                                                                                                                 
2998505                                            Mademoiselle                                       TRAIFOR                                            ALICE                                              2                                                  6, RUE DE LA ROSIERE                               75015                                              PARIS                                                                                                 alice.traifor@up13.fr                              0717586562           FR02                                                                                                                                                                                                                                                                                                                                                                                                                                                                                 
3000106                                            Monsieur                                           HARISSA                                            FORD                                               1                                                  16, AVENUE FOCH                                    75016                                              PARIS                                              FRANCE                                             ford.harissa@up13.fr                               0606                 FR02                                                                                                                                                                                                                                                                                                                                                                                                                                                                                 
3000107                                            MOÂ NSIEUR                                         ONRI                                               PANDA                                              2                                                  77, RUE DE LA LIBERTE                              13001                                              MARSEILLE                                          FRANCE                                             panda.onri@up13.fr                                 +33                  FR02                                                                                                                                                                                                                                                                                                                                                                                                                                                                                 
3000108                                            Madame                                             EDITE                                              FIAT                                               1                                                  21, AVENUE D ITALIE                                75013                                              PARIS                                                                                                 fiat.edite@up13.fr                                                      FR02                                                                                                                                                                                                                                                                                                                                                                                                                                                                                 
3000109                                            Madame                                             TOYOTA                                             JACKSON                                            3                                                  55, RUE DU JAPON                                   94310                                              ORLY VILLE                                         FRANCE                                             jackson.toyota@up13.fr                                                  FR02                                                                                                                                                                                                                                                                                                                                                                                                                                                                                 
3000110                                            MADAME                                             ONRI                                               HONDA                                              2                                                  77, RUE DE LA LIBERTE                              13001                                              MARSEILLE                                          FRANC                                              honda.onri@up13.fr                                                      FR02                                                                                                                                                                                                                                                                                                                                                                                                                                                                                 
3000111                                            Madame                                             GENEREUX                                           EVE                                                1                                                  18, BOULEVARD KELLERMAN                            75013                                              PARYS                                              FR                                                 eve.genereux@up13.fr                                                    FR02                                                                                                                                                                                                                                                                                                                                                                                                                                                                                 
299PPPP                                            Mlle                                               BON                                                CLEMENTINE                                         1                                                  18, BOULEVARD FOCH                                 93800                                              EPINAY-SUR-SEINE                                   FRANCE                                             clementine.bon@up13.fr                             +21624801801         FR02                                                                                                                                                                                                                                                                                                                                                                                                                                                                                 
3001                                               M.                                                 LE BON                                             Adam                                               1                                                  186, AVENUE D ITALIE                               75013                                              Paris                                                                                                 adam.le bon@up13.fr                                                     FR02                                                                                                                                                                                                                                                                                                                                                                                                                                                                                 
3001777                                            Mr                                                 LE BON                                             Adem                                               1                                                  186, AVENUE D ITALIE                               75013                                              PARIS                                              france                                             adem.le bon@up13.fr                                                     FR02                                                                                                                                                                                                                                                                                                                                                                                                                                                                                 
3001778                                            Mr                                                 COURTOIS                                           Bruno                                              1                                                                                                                                                        Bruxelles                                          Belgique                                           bruno.courtois@gmail.com                                                FR02                                                                                                                                                                                                                                                                                                                                                                                                                                                                                 
3001779                                            Monsieur                                           VANDERHOTE                                         Ivan                                               1                                                                                                                                                        Bruxelles                                          Belgique                                           ivan.vanderhote@gmail.com                                               FR02                                                                                                                                                                                                                                                                                                                                                                                                                                                                                 
3001780                                            Monsieur                                           Hollanda                                           Francis                                            1                                                                                                                                                        Bruxelles                                          Belgique                                           francis.hollanda@gmail.com                                              FR02                                                                                                                                                                                                                                                                                                                                                                                                                                                                                 
3001781                                            Monsieur                                           Bernard                                            Hugues                                             1                                                                                                                                                        Bruxelles                                          Belgique                                           hugues.bernard@gmail.com                                                FR02                                                                                                                                                                                                                                                                                                                                                                                                                                                                                 
3001782                                            Monsieur                                           LATIFOU                                            Ilyas                                              1                                                                                                                                                        Brusselle                                          Belgic                                             ilyas.latifou@gmail.com                                                 FR02                                                                                                                                                                                                                                                                                                                                                                                                                                                                                 
3001783                                            Madame                                             LALLEMAND                                          Ines                                               1                                                                                                                                                        Berlin                                             ALLEMANGNE                                         ines.lallemand@gmail.com                                                FR02                                                                                                                                                                                                                                                                                                                                                                                                                                                                                 
3001784                                            Monsieur                                           DEUTCH                                             Hans                                               1                                                                                                                                                        Berlin                                             ALLEMANGNE                                         hans.deutch@gmail.com                                                   FR02                                                                                                                                                                                                                                                                                                                                                                                                                                                                                 
3001785                                            Madame                                             ALMANI                                             Eve                                                1                                                                                                                                                        Berlin                                             ALLEMANGNE                                         eve.almani@gmail.com                                                    FR02                                                                                                                                                                                                                                                                                                                                                                                                                                                                                 
3001786                                            Madame                                             MERQUELLE                                          Ange                                               1                                                                                                                                                        Dublin                                             ALEMANGNE                                          angela.merquelle@gmail.com                                              FR02                                                                                                                                                                                                                                                                                                                                                                                                                                                                                 

25 lignes sélectionnées.

Ecoulé : 00 :00 :00.01

COL1                                               COL2                                               COL3                                               COL4                                               COL5                                               COL6                                               COL7                                               COL8                                               COL9                                               COL10                                              COL11                MAGASIN                                                                                                                                                                                                                                                                                                                                                                                                                                                                              
-------------------------------------------------- -------------------------------------------------- -------------------------------------------------- -------------------------------------------------- -------------------------------------------------- -------------------------------------------------- -------------------------------------------------- -------------------------------------------------- -------------------------------------------------- -------------------------------------------------- -------------------- --------------------------------------------------                                                                                                                                                                                                                                                                                                                                                                                                                                   
TN0001                                             Madame                                             RAHMA                                              LINA                                               3                                                                                                                                                        TUNIS                                              TUNISIE                                            lina.rahma@gmail.com                               +21624801801         TN02                                                                                                                                                                                                                                                                                                                                                                                                                                                                                 
TN0002                                             Madame                                             SFAXI                                              KENZA                                              3                                                                                                                                                        SOUSSE                                             TUNISIE                                            kenza.sfaxi@gmail.com                              +21624801801         TN02                                                                                                                                                                                                                                                                                                                                                                                                                                                                                 
TN0003                                             Madame                                             GARROU                                             LINDA                                              3                                                                                                                                                        SOUSSE                                             Italie                                             linda.garrou@gmail.com                             +21624801801         TN02                                                                                                                                                                                                                                                                                                                                                                                                                                                                                 
TN0004                                             Madame                                             FARES                                              LEILA                                              3                                                                                                                                                        SOUSSE                                             TUNISIE                                            leila.fares@gmail.com                              +21624801801         TN02                                                                                                                                                                                                                                                                                                                                                                                                                                                                                 
TN0005                                             Madame                                             FARES                                              INES                                               3                                                                                                                                                        SOUSSE                                             TUNISIE                                            ines.fares@gmail.com                               +21624801801         TN02                                                                                                                                                                                                                                                                                                                                                                                                                                                                                 
TN0006                                             Madame                                             FARES                                              INES                                               3                                                                                                                                                        SOUSSE                                             TUNISIE                                            ines.fares@gmail.com                               +21624801801         TN02                                                                                                                                                                                                                                                                                                                                                                                                                                                                                 
TN0007                                             Madame                                             FARES                                              MARIA                                              3                                                                                                                                                        SOUSSE                                             TUNISIE                                            maria.fares@gmail.com                              +21624801801         TN02                                                                                                                                                                                                                                                                                                                                                                                                                                                                                 
TN0008                                             Madame                                             FARES                                              INES                                               1                                                                                                                                                        SOUSSE                                             TUNISIE                                            ines.fares@gmail.com                               +21624801801         TN02                                                                                                                                                                                                                                                                                                                                                                                                                                                                                 
TN0009                                             Madame                                             DIAB                                               SONIA                                              2                                                                                                                                                        SOUSSE                                             TUNISIE                                            sonia.diab@gmail.com                               +21624801801         TN02                                                                                                                                                                                                                                                                                                                                                                                                                                                                                 
TN0010                                             Madame                                             MAGREBI                                            HAYET                                              1                                                                                                                                                        SOUSSE                                             TUNISIE                                            hayet.magrebi@gmail.com                            +21624801801         TN02                                                                                                                                                                                                                                                                                                                                                                                                                                                                                 
TN0011                                             Madame                                             SLIMANE                                            AZIZA                                              3                                                                                                                                                        SOUSSE                                             TUNISIE                                            aziza.slimane@gmail.com                            +21624801801         TN02                                                                                                                                                                                                                                                                                                                                                                                                                                                                                 
TN0012                                             Madame                                             SLIMANE                                            BEYYA                                              2                                                                                                                                                        BIZERTE                                            TUNISIE                                            beyya.slimane@gmail.com                            +21624801801         TN02                                                                                                                                                                                                                                                                                                                                                                                                                                                                                 
TN0013                                             Madame                                             SAHLOUL                                            MERIAM                                             1                                                                                                                                                        BIZERTE                                            TUNISIE                                            meriam.sahloul@gmail.com                           +21624801801         TN02                                                                                                                                                                                                                                                                                                                                                                                                                                                                                 
TN0014                                             Monsieur                                           BONBON                                             FAOUZI                                             1                                                                                                                                                        BIZERTE                                            TUNISIE                                            faouzi.bonbon@gmail.com                            +21624801801         TN02                                                                                                                                                                                                                                                                                                                                                                                                                                                                                 
TN0015                                             Monsieur                                           ZIZOU                                              ADAM                                               1                                                                                                                                                        BIZERTE                                            TUNISIE                                            adam.zizou@gmail.com                               +21624801801         TN02                                                                                                                                                                                                                                                                                                                                                                                                                                                                                 
TN0016                                             Monsieur                                           TOUNSI                                             ADEM                                               1                                                                                                                                                        BIZERTE                                            TUNISIE                                            adem.tounsi@gmail.com                              +21624801801         TN02                                                                                                                                                                                                                                                                                                                                                                                                                                                                                 
TN0017                                             Monsieur                                           ZATLA                                              SERGIO                                             1                                                                                                                                                        DJERBA                                             France                                             sergio.zatla@gmail.com                             +21624801801         TN02                                                                                                                                                                                                                                                                                                                                                                                                                                                                                 
TN0018                                             Monsieur                                           ZIDANE                                             ALI                                                1                                                                                                                                                        HAMMAMET                                           TUNISIE                                            ali.zidane@gmail.com                               +21624801801         TN02                                                                                                                                                                                                                                                                                                                                                                                                                                                                                 
TN0019                                             Monsieur                                           MOHAMED                                            MOHAMED                                            1                                                                                                                                                        HAMMAMET                                           TUNISIE                                            mohamed.mohamed@gmail.com                          +21624801801         TN02                                                                                                                                                                                                                                                                                                                                                                                                                                                                                 
TN0020                                             Monsieur                                           LATIFOU                                            ELIAS                                              1                                                                                                                                                        HAMMAMET                                           TUNISIE                                            elias.latifou@gmail.com                            +21624801801         TN02                                                                                                                                                                                                                                                                                                                                                                                                                                                                                 
TN0021                                             Monsieur                                           LATIFOU                                            ABDERRAOUF                                         1                                                                                                                                                        HAMMAMET                                           TUNISIE                                            abderraouf.latifou@gmail.com                       +21624801801         TN02                                                                                                                                                                                                                                                                                                                                                                                                                                                                                 
TN0022                                             Monsieur                                           SOUSSI                                             KARIM                                              1                                                                                                                                                        SOUSSE                                             TUNISIE                                            karim.soussi@gmail.com                             +21624801801         TN02                                                                                                                                                                                                                                                                                                                                                                                                                                                                                 
TN0023                                             Monsieur                                           SOURIR                                             FATHI                                              1                                                                                                                                                        SOUSSE                                             TUNISIE                                            fathi.sourir@gmail.com                             +21624801801         TN02                                                                                                                                                                                                                                                                                                                                                                                                                                                                                 
TN0024                                             Monsieur                                           BAJBOUJ                                            BEJI                                               1                                                                                                                                                        SOUSSE                                             TUNISIE                                            beji.bajbouj@gmail.com                             +21624801801         TN02                                                                                                                                                                                                                                                                                                                                                                                                                                                                                 
TN0025                                             Monsieur                                           RAIS                                               TAFI                                               1                                                                                                                                                        TUNIS                                              TUNISIE                                            tafi.rais@gmail.com                                +21624801801         TN02                                                                                                                                                                                                                                                                                                                                                                                                                                                                                 
2997007                                            Monsieur                                           TRAIFOR                                            ADAM                                               2                                                  13, AVENUE J. B. CLEMENT                           93430                                              VILLETANEUSE                                       FRANCE                                             adam.traifor@up13.fr                               +33617586567         TN02                                                                                                                                                                                                                                                                                                                                                                                                                                                                                 

26 lignes sélectionnées.

Ecoulé : 00 :00 :00.01
SQL> SELECT
  2  table_name,
  3  count(*) as Nb_Cols
  4  
SQL> FROM user_tab_columns
SP2-0734: commande inconnue au début de "FROM user_..." - le reste de la ligne est ignoré.
SQL> select * from CLIENTS_FR02;

COL1                                               COL2                                               COL3                                               COL4                                               COL5                                               COL6                                               COL7                                               COL8                                               COL9                                               COL10                                              COL11                MAGASIN                                                                                                                                                                                                                                                                                                                                                                                                                                                                              
-------------------------------------------------- -------------------------------------------------- -------------------------------------------------- -------------------------------------------------- -------------------------------------------------- -------------------------------------------------- -------------------------------------------------- -------------------------------------------------- -------------------------------------------------- -------------------------------------------------- -------------------- --------------------------------------------------                                                                                                                                                                                                                                                                                                                                                                                                                                   
2994570                                            Madame                                             RAHMA                                              CLEMENCE                                           3                                                  8, BOULEVARD FOCH                                  93800                                              EPINAY-SUR-SEINE                                   FRANCE                                             clemence.rahma@up13.fr                             +33617586565         FR02                                                                                                                                                                                                                                                                                                                                                                                                                                                                                 
2996100                                            Monsieur                                           CLEMENCE                                           ALEXANDRE                                          1                                                  5, RUE DE BELLEVILLE                               75019                                              PARIS                                              FRANCE                                             alexandre.clemence@up13.fr                         +33617586566         FR02                                                                                                                                                                                                                                                                                                                                                                                                                                                                                 
2997007                                            Monsieur                                           TRAIFOR                                            ADAM                                               2                                                  13, AVENUE J. B. CLEMENT                           93430                                              VILLETANEUSE                                       FRANCE                                             adam.traifor@up13.fr                               +33617586567         FR02                                                                                                                                                                                                                                                                                                                                                                                                                                                                                 
2997777                                            Mademoiselle                                       LE BON                                             CLEMENTINE                                         1                                                  18, BOULEVARD FOCH                                 93800                                              EPINAY-SUR-SEINE                                                                                      clementine.le bon@up13.fr                          +33617586568         FR02                                                                                                                                                                                                                                                                                                                                                                                                                                                                                 
2998500                                            Monsieur                                           CHEVALIER                                          INES                                               1                                                  13, RUE DE LA PAIX                                 93800                                              EPINAY SUR SEINE                                   FRANCE                                             ines.chevalier@up13.fr                             0717586560           FR02                                                                                                                                                                                                                                                                                                                                                                                                                                                                                 
3001777                                            Monsieur                                           LE BON                                             Adam                                               1                                                  186, AVENUE D ITALIE                               75013                                              PARIS                                              FRANCE                                             adam.le bon@up13.fr                                0717586561           FR02                                                                                                                                                                                                                                                                                                                                                                                                                                                                                 
2998505                                            Mademoiselle                                       TRAIFOR                                            ALICE                                              2                                                  6, RUE DE LA ROSIERE                               75015                                              PARIS                                                                                                 alice.traifor@up13.fr                              0717586562           FR02                                                                                                                                                                                                                                                                                                                                                                                                                                                                                 
3000106                                            Monsieur                                           HARISSA                                            FORD                                               1                                                  16, AVENUE FOCH                                    75016                                              PARIS                                              FRANCE                                             ford.harissa@up13.fr                               0606                 FR02                                                                                                                                                                                                                                                                                                                                                                                                                                                                                 
3000107                                            MOÂ NSIEUR                                         ONRI                                               PANDA                                              2                                                  77, RUE DE LA LIBERTE                              13001                                              MARSEILLE                                          FRANCE                                             panda.onri@up13.fr                                 +33                  FR02                                                                                                                                                                                                                                                                                                                                                                                                                                                                                 
3000108                                            Madame                                             EDITE                                              FIAT                                               1                                                  21, AVENUE D ITALIE                                75013                                              PARIS                                                                                                 fiat.edite@up13.fr                                                      FR02                                                                                                                                                                                                                                                                                                                                                                                                                                                                                 
3000109                                            Madame                                             TOYOTA                                             JACKSON                                            3                                                  55, RUE DU JAPON                                   94310                                              ORLY VILLE                                         FRANCE                                             jackson.toyota@up13.fr                                                  FR02                                                                                                                                                                                                                                                                                                                                                                                                                                                                                 
3000110                                            MADAME                                             ONRI                                               HONDA                                              2                                                  77, RUE DE LA LIBERTE                              13001                                              MARSEILLE                                          FRANC                                              honda.onri@up13.fr                                                      FR02                                                                                                                                                                                                                                                                                                                                                                                                                                                                                 
3000111                                            Madame                                             GENEREUX                                           EVE                                                1                                                  18, BOULEVARD KELLERMAN                            75013                                              PARYS                                              FR                                                 eve.genereux@up13.fr                                                    FR02                                                                                                                                                                                                                                                                                                                                                                                                                                                                                 
299PPPP                                            Mlle                                               BON                                                CLEMENTINE                                         1                                                  18, BOULEVARD FOCH                                 93800                                              EPINAY-SUR-SEINE                                   FRANCE                                             clementine.bon@up13.fr                             +21624801801         FR02                                                                                                                                                                                                                                                                                                                                                                                                                                                                                 
3001                                               M.                                                 LE BON                                             Adam                                               1                                                  186, AVENUE D ITALIE                               75013                                              Paris                                                                                                 adam.le bon@up13.fr                                                     FR02                                                                                                                                                                                                                                                                                                                                                                                                                                                                                 
3001777                                            Mr                                                 LE BON                                             Adem                                               1                                                  186, AVENUE D ITALIE                               75013                                              PARIS                                              france                                             adem.le bon@up13.fr                                                     FR02                                                                                                                                                                                                                                                                                                                                                                                                                                                                                 
3001778                                            Mr                                                 COURTOIS                                           Bruno                                              1                                                                                                                                                        Bruxelles                                          Belgique                                           bruno.courtois@gmail.com                                                FR02                                                                                                                                                                                                                                                                                                                                                                                                                                                                                 
3001779                                            Monsieur                                           VANDERHOTE                                         Ivan                                               1                                                                                                                                                        Bruxelles                                          Belgique                                           ivan.vanderhote@gmail.com                                               FR02                                                                                                                                                                                                                                                                                                                                                                                                                                                                                 
3001780                                            Monsieur                                           Hollanda                                           Francis                                            1                                                                                                                                                        Bruxelles                                          Belgique                                           francis.hollanda@gmail.com                                              FR02                                                                                                                                                                                                                                                                                                                                                                                                                                                                                 
3001781                                            Monsieur                                           Bernard                                            Hugues                                             1                                                                                                                                                        Bruxelles                                          Belgique                                           hugues.bernard@gmail.com                                                FR02                                                                                                                                                                                                                                                                                                                                                                                                                                                                                 
3001782                                            Monsieur                                           LATIFOU                                            Ilyas                                              1                                                                                                                                                        Brusselle                                          Belgic                                             ilyas.latifou@gmail.com                                                 FR02                                                                                                                                                                                                                                                                                                                                                                                                                                                                                 
3001783                                            Madame                                             LALLEMAND                                          Ines                                               1                                                                                                                                                        Berlin                                             ALLEMANGNE                                         ines.lallemand@gmail.com                                                FR02                                                                                                                                                                                                                                                                                                                                                                                                                                                                                 
3001784                                            Monsieur                                           DEUTCH                                             Hans                                               1                                                                                                                                                        Berlin                                             ALLEMANGNE                                         hans.deutch@gmail.com                                                   FR02                                                                                                                                                                                                                                                                                                                                                                                                                                                                                 
3001785                                            Madame                                             ALMANI                                             Eve                                                1                                                                                                                                                        Berlin                                             ALLEMANGNE                                         eve.almani@gmail.com                                                    FR02                                                                                                                                                                                                                                                                                                                                                                                                                                                                                 
3001786                                            Madame                                             MERQUELLE                                          Ange                                               1                                                                                                                                                        Dublin                                             ALEMANGNE                                          angela.merquelle@gmail.com                                              FR02                                                                                                                                                                                                                                                                                                                                                                                                                                                                                 

25 lignes sélectionnées.

Ecoulé : 00 :00 :00.00
SQL> SELECT CLIENTS_FR02, count(*) as Nb_Cols FROM user_tab_columns;
SELECT CLIENTS_FR02, count(*) as Nb_Cols FROM user_tab_columns
       *
ERREUR à la ligne 1 :
ORA-00904: "CLIENTS_FR02" : identificateur non valide 


Ecoulé : 00 :00 :00.01
SQL> SELECT column_name --count(column_name) FROM user_tab_columns;
SELECT column_name --count(column_name) FROM user_tab_columns
                                                            *
ERREUR à la ligne 1 :
ORA-00923: mot-clé FROM absent à l'emplacement prévu 


Ecoulé : 00 :00 :00.00
SQL> SELECT column_name --count(column_name) FROM user_tab_columns WHERE table_name = 'CLIENTS_FR02';
SELECT column_name --count(column_name) FROM user_tab_columns WHERE table_name = 'CLIENTS_FR02'
                                                                                              *
ERREUR à la ligne 1 :
ORA-00923: mot-clé FROM absent à l'emplacement prévu 


Ecoulé : 00 :00 :00.00
SQL> SELECT column_name  FROM user_tab_columns WHERE table_name = 'CLIENTS_FR02';

COLUMN_NAME                                                                                                                                                                                                                                                                                                                                                                                                                                                                                                                                                                                                                                                                                                                                                                                                                                                                                                                                                                                                                             
------------------------------                                                                                                                                                                                                                                                                                                                                                                                                                                                                                                                                                                                                                                                                                                                                                                                                                                                                                                                                                                                                          
COL1                                                                                                                                                                                                                                                                                                                                                                                                                                                                                                                                                                                                                                                                                                                                                                                                                                                                                                                                                                                                                                    
COL2                                                                                                                                                                                                                                                                                                                                                                                                                                                                                                                                                                                                                                                                                                                                                                                                                                                                                                                                                                                                                                    
COL3                                                                                                                                                                                                                                                                                                                                                                                                                                                                                                                                                                                                                                                                                                                                                                                                                                                                                                                                                                                                                                    
COL4                                                                                                                                                                                                                                                                                                                                                                                                                                                                                                                                                                                                                                                                                                                                                                                                                                                                                                                                                                                                                                    
COL5                                                                                                                                                                                                                                                                                                                                                                                                                                                                                                                                                                                                                                                                                                                                                                                                                                                                                                                                                                                                                                    
COL6                                                                                                                                                                                                                                                                                                                                                                                                                                                                                                                                                                                                                                                                                                                                                                                                                                                                                                                                                                                                                                    
COL7                                                                                                                                                                                                                                                                                                                                                                                                                                                                                                                                                                                                                                                                                                                                                                                                                                                                                                                                                                                                                                    
COL8                                                                                                                                                                                                                                                                                                                                                                                                                                                                                                                                                                                                                                                                                                                                                                                                                                                                                                                                                                                                                                    
COL9                                                                                                                                                                                                                                                                                                                                                                                                                                                                                                                                                                                                                                                                                                                                                                                                                                                                                                                                                                                                                                    
COL10                                                                                                                                                                                                                                                                                                                                                                                                                                                                                                                                                                                                                                                                                                                                                                                                                                                                                                                                                                                                                                   
COL11                                                                                                                                                                                                                                                                                                                                                                                                                                                                                                                                                                                                                                                                                                                                                                                                                                                                                                                                                                                                                                   
MAGASIN                                                                                                                                                                                                                                                                                                                                                                                                                                                                                                                                                                                                                                                                                                                                                                                                                                                                                                                                                                                                                                 

12 lignes sélectionnées.

Ecoulé : 00 :00 :00.03
SQL> SELECT column_name,count(*)  FROM user_tab_columns WHERE table_name = 'CLIENTS_FR02';
SELECT column_name,count(*)  FROM user_tab_columns WHERE table_name = 'CLIENTS_FR02'
       *
ERREUR à la ligne 1 :
ORA-00937: la fonction de groupe ne porte pas sur un groupe simple 


Ecoulé : 00 :00 :00.01
SQL> SELECT column_name --count(column_name)  FROM user_tab_columns WHERE table_name = 'CLIENTS_FR02';
SELECT column_name --count(column_name)  FROM user_tab_columns WHERE table_name = 'CLIENTS_FR02'
                                                                                               *
ERREUR à la ligne 1 :
ORA-00923: mot-clé FROM absent à l'emplacement prévu 


Ecoulé : 00 :00 :00.00
SQL> SELECT column_name , count(column_name)  FROM user_tab_columns WHERE table_name = 'CLIENTS_FR02';
SELECT column_name , count(column_name)  FROM user_tab_columns WHERE table_name = 'CLIENTS_FR02'
       *
ERREUR à la ligne 1 :
ORA-00937: la fonction de groupe ne porte pas sur un groupe simple 


Ecoulé : 00 :00 :00.01
SQL> SELECT column_name FROM user_tab_columns WHERE table_name = 'CLIENTS_FR02';

COLUMN_NAME                                                                                                                                                                                                                                                                                                                                                                                                                                                                                                                                                                                                                                                                                                                                                                                                                                                                                                                                                                                                                             
------------------------------                                                                                                                                                                                                                                                                                                                                                                                                                                                                                                                                                                                                                                                                                                                                                                                                                                                                                                                                                                                                          
COL1                                                                                                                                                                                                                                                                                                                                                                                                                                                                                                                                                                                                                                                                                                                                                                                                                                                                                                                                                                                                                                    
COL2                                                                                                                                                                                                                                                                                                                                                                                                                                                                                                                                                                                                                                                                                                                                                                                                                                                                                                                                                                                                                                    
COL3                                                                                                                                                                                                                                                                                                                                                                                                                                                                                                                                                                                                                                                                                                                                                                                                                                                                                                                                                                                                                                    
COL4                                                                                                                                                                                                                                                                                                                                                                                                                                                                                                                                                                                                                                                                                                                                                                                                                                                                                                                                                                                                                                    
COL5                                                                                                                                                                                                                                                                                                                                                                                                                                                                                                                                                                                                                                                                                                                                                                                                                                                                                                                                                                                                                                    
COL6                                                                                                                                                                                                                                                                                                                                                                                                                                                                                                                                                                                                                                                                                                                                                                                                                                                                                                                                                                                                                                    
COL7                                                                                                                                                                                                                                                                                                                                                                                                                                                                                                                                                                                                                                                                                                                                                                                                                                                                                                                                                                                                                                    
COL8                                                                                                                                                                                                                                                                                                                                                                                                                                                                                                                                                                                                                                                                                                                                                                                                                                                                                                                                                                                                                                    
COL9                                                                                                                                                                                                                                                                                                                                                                                                                                                                                                                                                                                                                                                                                                                                                                                                                                                                                                                                                                                                                                    
COL10                                                                                                                                                                                                                                                                                                                                                                                                                                                                                                                                                                                                                                                                                                                                                                                                                                                                                                                                                                                                                                   
COL11                                                                                                                                                                                                                                                                                                                                                                                                                                                                                                                                                                                                                                                                                                                                                                                                                                                                                                                                                                                                                                   
MAGASIN                                                                                                                                                                                                                                                                                                                                                                                                                                                                                                                                                                                                                                                                                                                                                                                                                                                                                                                                                                                                                                 

12 lignes sélectionnées.

Ecoulé : 00 :00 :00.04
SQL> select * from user_tab_columns where table_name in (liste des tables);
select * from user_tab_columns where table_name in (liste des tables)
                                                          *
ERREUR à la ligne 1 :
ORA-00907: parenthèse de droite absente 


Ecoulé : 00 :00 :00.00
SQL> SELECT column_name , ALL_TAB_COLUMNS FROM user_tab_columns WHERE table_name = 'CLIENTS_FR02';
SELECT column_name , ALL_TAB_COLUMNS FROM user_tab_columns WHERE table_name = 'CLIENTS_FR02'
                     *
ERREUR à la ligne 1 :
ORA-00904: "ALL_TAB_COLUMNS" : identificateur non valide 


Ecoulé : 00 :00 :00.00
SQL> SELECT column_name FROM user_tab_columns WHERE table_name = 'CLIENTS_FR02';

COLUMN_NAME                                                                                                                                                                                                                                                                                                                                                                                                                                                                                                                                                                                                                                                                                                                                                                                                                                                                                                                                                                                                                             
------------------------------                                                                                                                                                                                                                                                                                                                                                                                                                                                                                                                                                                                                                                                                                                                                                                                                                                                                                                                                                                                                          
COL1                                                                                                                                                                                                                                                                                                                                                                                                                                                                                                                                                                                                                                                                                                                                                                                                                                                                                                                                                                                                                                    
COL2                                                                                                                                                                                                                                                                                                                                                                                                                                                                                                                                                                                                                                                                                                                                                                                                                                                                                                                                                                                                                                    
COL3                                                                                                                                                                                                                                                                                                                                                                                                                                                                                                                                                                                                                                                                                                                                                                                                                                                                                                                                                                                                                                    
COL4                                                                                                                                                                                                                                                                                                                                                                                                                                                                                                                                                                                                                                                                                                                                                                                                                                                                                                                                                                                                                                    
COL5                                                                                                                                                                                                                                                                                                                                                                                                                                                                                                                                                                                                                                                                                                                                                                                                                                                                                                                                                                                                                                    
COL6                                                                                                                                                                                                                                                                                                                                                                                                                                                                                                                                                                                                                                                                                                                                                                                                                                                                                                                                                                                                                                    
COL7                                                                                                                                                                                                                                                                                                                                                                                                                                                                                                                                                                                                                                                                                                                                                                                                                                                                                                                                                                                                                                    
COL8                                                                                                                                                                                                                                                                                                                                                                                                                                                                                                                                                                                                                                                                                                                                                                                                                                                                                                                                                                                                                                    
COL9                                                                                                                                                                                                                                                                                                                                                                                                                                                                                                                                                                                                                                                                                                                                                                                                                                                                                                                                                                                                                                    
COL10                                                                                                                                                                                                                                                                                                                                                                                                                                                                                                                                                                                                                                                                                                                                                                                                                                                                                                                                                                                                                                   
COL11                                                                                                                                                                                                                                                                                                                                                                                                                                                                                                                                                                                                                                                                                                                                                                                                                                                                                                                                                                                                                                   
MAGASIN                                                                                                                                                                                                                                                                                                                                                                                                                                                                                                                                                                                                                                                                                                                                                                                                                                                                                                                                                                                                                                 

12 lignes sélectionnées.

Ecoulé : 00 :00 :00.00
SQL> SELECT count(*), column_name FROM user_tab_columns WHERE table_name = 'CLIENTS_FR02';
SELECT count(*), column_name FROM user_tab_columns WHERE table_name = 'CLIENTS_FR02'
                 *
ERREUR à la ligne 1 :
ORA-00937: la fonction de groupe ne porte pas sur un groupe simple 


Ecoulé : 00 :00 :00.01
SQL> SELECT count(column_name), column_name FROM user_tab_columns WHERE table_name = 'CLIENTS_FR02';
SELECT count(column_name), column_name FROM user_tab_columns WHERE table_name = 'CLIENTS_FR02'
                           *
ERREUR à la ligne 1 :
ORA-00937: la fonction de groupe ne porte pas sur un groupe simple 


Ecoulé : 00 :00 :00.01
SQL> SELECT count(*) FROM user_tab_columns WHERE table_name = 'CLIENTS_FR02';

  COUNT(*)                                                                                                                                                                                                                                                                                                                                                                                                                                                                                                                                                                                                                                                                                                                                                                                                                                                                                                                                                                                                                              
----------                                                                                                                                                                                                                                                                                                                                                                                                                                                                                                                                                                                                                                                                                                                                                                                                                                                                                                                                                                                                                              
        12                                                                                                                                                                                                                                                                                                                                                                                                                                                                                                                                                                                                                                                                                                                                                                                                                                                                                                                                                                                                                              

Ecoulé : 00 :00 :00.04
SQL> @toto2
DROP PROCEDURE test
*
ERREUR à la ligne 1 :
ORA-04043: objet TEST inexistant 


Ecoulé : 00 :00 :00.02
CREATE OR REPLACE PROCEDURE test IS
*
ERREUR à la ligne 1 :
ORA-00955: ce nom d'objet existe déjà 


Ecoulé : 00 :00 :00.00
SQL> @toto2
DROP PROCEDURE test1
*
ERREUR à la ligne 1 :
ORA-04043: objet TEST1 inexistant 


Ecoulé : 00 :00 :00.00

Procédure créée.

Ecoulé : 00 :00 :00.06
SQL> @toto2

Procédure supprimée.

Ecoulé : 00 :00 :00.04

Procédure créée.

Ecoulé : 00 :00 :00.08
SQL> exec test1

Procédure PL/SQL terminée avec succès.

Ecoulé : 00 :00 :00.04
SQL> set serveroutput on;
SQL> exec test1
Le(s) numero(s) de commande vide(s) sont :                                                                                                                                                                                                                                                                                                                                                                                                                                                                                                                                                                                                                                                                                                                                                                                                                                                                                                                                                                                              
-  COL1                                                                                                                                                                                                                                                                                                                                                                                                                                                                                                                                                                                                                                                                                                                                                                                                                                                                                                                                                                                                                                 
-  COL2                                                                                                                                                                                                                                                                                                                                                                                                                                                                                                                                                                                                                                                                                                                                                                                                                                                                                                                                                                                                                                 
-  COL3                                                                                                                                                                                                                                                                                                                                                                                                                                                                                                                                                                                                                                                                                                                                                                                                                                                                                                                                                                                                                                 
-  COL4                                                                                                                                                                                                                                                                                                                                                                                                                                                                                                                                                                                                                                                                                                                                                                                                                                                                                                                                                                                                                                 
-  COL5                                                                                                                                                                                                                                                                                                                                                                                                                                                                                                                                                                                                                                                                                                                                                                                                                                                                                                                                                                                                                                 
-  COL6                                                                                                                                                                                                                                                                                                                                                                                                                                                                                                                                                                                                                                                                                                                                                                                                                                                                                                                                                                                                                                 
-  COL7                                                                                                                                                                                                                                                                                                                                                                                                                                                                                                                                                                                                                                                                                                                                                                                                                                                                                                                                                                                                                                 
-  COL8                                                                                                                                                                                                                                                                                                                                                                                                                                                                                                                                                                                                                                                                                                                                                                                                                                                                                                                                                                                                                                 
-  COL9                                                                                                                                                                                                                                                                                                                                                                                                                                                                                                                                                                                                                                                                                                                                                                                                                                                                                                                                                                                                                                 
-  COL10                                                                                                                                                                                                                                                                                                                                                                                                                                                                                                                                                                                                                                                                                                                                                                                                                                                                                                                                                                                                                                
-  COL11                                                                                                                                                                                                                                                                                                                                                                                                                                                                                                                                                                                                                                                                                                                                                                                                                                                                                                                                                                                                                                
-  MAGASIN                                                                                                                                                                                                                                                                                                                                                                                                                                                                                                                                                                                                                                                                                                                                                                                                                                                                                                                                                                                                                              

Procédure PL/SQL terminée avec succès.

Ecoulé : 00 :00 :00.02
SQL> exec test1
Le(s) numero(s) de commande vide(s) sont :                                                                                                                                                                                                                                                                                                                                                                                                                                                                                                                                                                                                                                                                                                                                                                                                                                                                                                                                                                                              
-  COL1                                                                                                                                                                                                                                                                                                                                                                                                                                                                                                                                                                                                                                                                                                                                                                                                                                                                                                                                                                                                                                 
-  COL2                                                                                                                                                                                                                                                                                                                                                                                                                                                                                                                                                                                                                                                                                                                                                                                                                                                                                                                                                                                                                                 
-  COL3                                                                                                                                                                                                                                                                                                                                                                                                                                                                                                                                                                                                                                                                                                                                                                                                                                                                                                                                                                                                                                 
-  COL4                                                                                                                                                                                                                                                                                                                                                                                                                                                                                                                                                                                                                                                                                                                                                                                                                                                                                                                                                                                                                                 
-  COL5                                                                                                                                                                                                                                                                                                                                                                                                                                                                                                                                                                                                                                                                                                                                                                                                                                                                                                                                                                                                                                 
-  COL6                                                                                                                                                                                                                                                                                                                                                                                                                                                                                                                                                                                                                                                                                                                                                                                                                                                                                                                                                                                                                                 
-  COL7                                                                                                                                                                                                                                                                                                                                                                                                                                                                                                                                                                                                                                                                                                                                                                                                                                                                                                                                                                                                                                 
-  COL8                                                                                                                                                                                                                                                                                                                                                                                                                                                                                                                                                                                                                                                                                                                                                                                                                                                                                                                                                                                                                                 
-  COL9                                                                                                                                                                                                                                                                                                                                                                                                                                                                                                                                                                                                                                                                                                                                                                                                                                                                                                                                                                                                                                 
-  COL10                                                                                                                                                                                                                                                                                                                                                                                                                                                                                                                                                                                                                                                                                                                                                                                                                                                                                                                                                                                                                                
-  COL11                                                                                                                                                                                                                                                                                                                                                                                                                                                                                                                                                                                                                                                                                                                                                                                                                                                                                                                                                                                                                                
-  MAGASIN                                                                                                                                                                                                                                                                                                                                                                                                                                                                                                                                                                                                                                                                                                                                                                                                                                                                                                                                                                                                                              

Procédure PL/SQL terminée avec succès.

Ecoulé : 00 :00 :00.01
SQL> exec test1
Le(s) numero(s) de commande vide(s) sont :                                                                                                                                                                                                                                                                                                                                                                                                                                                                                                                                                                                                                                                                                                                                                                                                                                                                                                                                                                                              
-  COL1                                                                                                                                                                                                                                                                                                                                                                                                                                                                                                                                                                                                                                                                                                                                                                                                                                                                                                                                                                                                                                 
-  COL2                                                                                                                                                                                                                                                                                                                                                                                                                                                                                                                                                                                                                                                                                                                                                                                                                                                                                                                                                                                                                                 
-  COL3                                                                                                                                                                                                                                                                                                                                                                                                                                                                                                                                                                                                                                                                                                                                                                                                                                                                                                                                                                                                                                 
-  COL4                                                                                                                                                                                                                                                                                                                                                                                                                                                                                                                                                                                                                                                                                                                                                                                                                                                                                                                                                                                                                                 
-  COL5                                                                                                                                                                                                                                                                                                                                                                                                                                                                                                                                                                                                                                                                                                                                                                                                                                                                                                                                                                                                                                 
-  COL6                                                                                                                                                                                                                                                                                                                                                                                                                                                                                                                                                                                                                                                                                                                                                                                                                                                                                                                                                                                                                                 
-  COL7                                                                                                                                                                                                                                                                                                                                                                                                                                                                                                                                                                                                                                                                                                                                                                                                                                                                                                                                                                                                                                 
-  COL8                                                                                                                                                                                                                                                                                                                                                                                                                                                                                                                                                                                                                                                                                                                                                                                                                                                                                                                                                                                                                                 
-  COL9                                                                                                                                                                                                                                                                                                                                                                                                                                                                                                                                                                                                                                                                                                                                                                                                                                                                                                                                                                                                                                 
-  COL10                                                                                                                                                                                                                                                                                                                                                                                                                                                                                                                                                                                                                                                                                                                                                                                                                                                                                                                                                                                                                                
-  COL11                                                                                                                                                                                                                                                                                                                                                                                                                                                                                                                                                                                                                                                                                                                                                                                                                                                                                                                                                                                                                                
-  MAGASIN                                                                                                                                                                                                                                                                                                                                                                                                                                                                                                                                                                                                                                                                                                                                                                                                                                                                                                                                                                                                                              

Procédure PL/SQL terminée avec succès.

Ecoulé : 00 :00 :00.01
SQL> @toto2

Procédure supprimée.

Ecoulé : 00 :00 :00.05

Procédure créée.

Ecoulé : 00 :00 :00.03
SQL> exec test1
Le(s) numero(s) de commande vide(s) sont :                                                                                                                                                                                                                                                                                                                                                                                                                                                                                                                                                                                                                                                                                                                                                                                                                                                                                                                                                                                              
-  COL1 fin                                                                                                                                                                                                                                                                                                                                                                                                                                                                                                                                                                                                                                                                                                                                                                                                                                                                                                                                                                                                                             
-  COL2 fin                                                                                                                                                                                                                                                                                                                                                                                                                                                                                                                                                                                                                                                                                                                                                                                                                                                                                                                                                                                                                             
-  COL3 fin                                                                                                                                                                                                                                                                                                                                                                                                                                                                                                                                                                                                                                                                                                                                                                                                                                                                                                                                                                                                                             
-  COL4 fin                                                                                                                                                                                                                                                                                                                                                                                                                                                                                                                                                                                                                                                                                                                                                                                                                                                                                                                                                                                                                             
-  COL5 fin                                                                                                                                                                                                                                                                                                                                                                                                                                                                                                                                                                                                                                                                                                                                                                                                                                                                                                                                                                                                                             
-  COL6 fin                                                                                                                                                                                                                                                                                                                                                                                                                                                                                                                                                                                                                                                                                                                                                                                                                                                                                                                                                                                                                             
-  COL7 fin                                                                                                                                                                                                                                                                                                                                                                                                                                                                                                                                                                                                                                                                                                                                                                                                                                                                                                                                                                                                                             
-  COL8 fin                                                                                                                                                                                                                                                                                                                                                                                                                                                                                                                                                                                                                                                                                                                                                                                                                                                                                                                                                                                                                             
-  COL9 fin                                                                                                                                                                                                                                                                                                                                                                                                                                                                                                                                                                                                                                                                                                                                                                                                                                                                                                                                                                                                                             
-  COL10 fin                                                                                                                                                                                                                                                                                                                                                                                                                                                                                                                                                                                                                                                                                                                                                                                                                                                                                                                                                                                                                            
-  COL11 fin                                                                                                                                                                                                                                                                                                                                                                                                                                                                                                                                                                                                                                                                                                                                                                                                                                                                                                                                                                                                                            
-  MAGASIN fin                                                                                                                                                                                                                                                                                                                                                                                                                                                                                                                                                                                                                                                                                                                                                                                                                                                                                                                                                                                                                          

Procédure PL/SQL terminée avec succès.

Ecoulé : 00 :00 :00.00
SQL> @toto2

Procédure supprimée.

Ecoulé : 00 :00 :00.02

Avertissement : Procédure créée avec erreurs de compilation.

Ecoulé : 00 :00 :00.03
SQL> show errors;
Erreurs pour PROCEDURE TEST1 :

LINE/COL ERROR                                                                                                                                                                                                                                                                                                                                                                                                                                                                                                                                                                                                                                                                                                                                                                                                                                                                                                                                                                                                                          
-------- -----------------------------------------------------------------                                                                                                                                                                                                                                                                                                                                                                                                                                                                                                                                                                                                                                                                                                                                                                                                                                                                                                                                                              
6/10     PLS-00103: Symbole "=" rencontré à la place d'un des symboles                                                                                                                                                                                                                                                                                                                                                                                                                                                                                                                                                                                                                                                                                                                                                                                                                                                                                                                                                                  
         suivants :                                                                                                                                                                                                                                                                                                                                                                                                                                                                                                                                                                                                                                                                                                                                                                                                                                                                                                                                                                                                                     
         := . ( @ % ;                                                                                                                                                                                                                                                                                                                                                                                                                                                                                                                                                                                                                                                                                                                                                                                                                                                                                                                                                                                                                   
                                                                                                                                                                                                                                                                                                                                                                                                                                                                                                                                                                                                                                                                                                                                                                                                                                                                                                                                                                                                                                        
SQL> @toto2

Procédure supprimée.

Ecoulé : 00 :00 :00.02

Procédure créée.

Ecoulé : 00 :00 :00.04
SQL> exec test1('rr');
BEGIN test1('rr'); END;

*
ERREUR à la ligne 1 :
ORA-00904: "CLIENTS_FR02" : identificateur non valide 
ORA-06512: à "M2EID_20.TEST1", ligne 7 
ORA-06512: à ligne 1 


Ecoulé : 00 :00 :00.00
SQL> @toto2

Procédure supprimée.

Ecoulé : 00 :00 :00.04

Avertissement : Procédure créée avec erreurs de compilation.

Ecoulé : 00 :00 :00.02
SQL> @toto2

Procédure supprimée.

Ecoulé : 00 :00 :00.02

Procédure créée.

Ecoulé : 00 :00 :00.03
SQL> exec test1('rr');
BEGIN test1('rr'); END;

*
ERREUR à la ligne 1 :
ORA-00904: "CLIENTS_FR02" : identificateur non valide 
ORA-06512: à "M2EID_20.TEST1", ligne 7 
ORA-06512: à ligne 1 


Ecoulé : 00 :00 :00.01
SQL> exec test1('tabledf');
BEGIN test1('tabledf'); END;

*
ERREUR à la ligne 1 :
ORA-00904: "CLIENTS_FR02" : identificateur non valide 
ORA-06512: à "M2EID_20.TEST1", ligne 7 
ORA-06512: à ligne 1 


Ecoulé : 00 :00 :00.00
SQL> @toto2

Procédure supprimée.

Ecoulé : 00 :00 :00.02

Avertissement : Procédure créée avec erreurs de compilation.

Ecoulé : 00 :00 :00.03
SQL> @toto2

Procédure supprimée.

Ecoulé : 00 :00 :00.02

Avertissement : Procédure créée avec erreurs de compilation.

Ecoulé : 00 :00 :00.02
SQL> @toto2

Procédure supprimée.

Ecoulé : 00 :00 :00.07

Procédure créée.

Ecoulé : 00 :00 :00.02
SQL> exec test1('tabledf');
BEGIN test1('tabledf'); END;

*
ERREUR à la ligne 1 :
ORA-00904: "TABLEDF" : identificateur non valide 
ORA-06512: à "M2EID_20.TEST1", ligne 7 
ORA-06512: à ligne 1 


Ecoulé : 00 :00 :00.00
SQL> exec test1('clients_fr02');
BEGIN test1('clients_fr02'); END;

*
ERREUR à la ligne 1 :
ORA-00904: "CLIENTS_FR02" : identificateur non valide 
ORA-06512: à "M2EID_20.TEST1", ligne 7 
ORA-06512: à ligne 1 


Ecoulé : 00 :00 :00.00
SQL> @toto2

Procédure supprimée.

Ecoulé : 00 :00 :00.07

Procédure créée.

Ecoulé : 00 :00 :00.03
SQL> exec test1('clients_fr02');
BEGIN test1('clients_fr02'); END;

*
ERREUR à la ligne 1 :
ORA-00904: "CLIENTS_FR02" : identificateur non valide 
ORA-06512: à "M2EID_20.TEST1", ligne 7 
ORA-06512: à ligne 1 


Ecoulé : 00 :00 :00.01
SQL> @toto2

Procédure supprimée.

Ecoulé : 00 :00 :00.04

Procédure créée.

Ecoulé : 00 :00 :00.02
SQL> exec test1('clients_fr02');
BEGIN test1('clients_fr02'); END;

*
ERREUR à la ligne 1 :
ORA-00904: "CLIENTS_FR02" : identificateur non valide 
ORA-06512: à "M2EID_20.TEST1", ligne 7 
ORA-06512: à ligne 1 


Ecoulé : 00 :00 :00.01
SQL> @toto2

Procédure supprimée.

Ecoulé : 00 :00 :00.02

Avertissement : Procédure créée avec erreurs de compilation.

Ecoulé : 00 :00 :00.02
SQL> @toto2

Procédure supprimée.

Ecoulé : 00 :00 :00.02

Procédure créée.

Ecoulé : 00 :00 :00.02
SQL> exec test1('clients_fr02');
BEGIN test1('clients_fr02'); END;

*
ERREUR à la ligne 1 :
ORA-00904: "CLIENTS_FR02" : identificateur non valide 
ORA-06512: à "M2EID_20.TEST1", ligne 7 
ORA-06512: à ligne 1 


Ecoulé : 00 :00 :00.01
SQL> @toto2

Procédure supprimée.

Ecoulé : 00 :00 :00.01

Avertissement : Procédure créée avec erreurs de compilation.

Ecoulé : 00 :00 :00.02
SQL> @toto2

Procédure supprimée.

Ecoulé : 00 :00 :00.01

Procédure créée.

Ecoulé : 00 :00 :00.02
SQL> exec test1('clients_fr02');
Le(s) numero(s) de commande vide(s) sont :                                                                                                                                                                                                                                                                                                                                                                                                                                                                                                                                                                                                                                                                                                                                                                                                                                                                                                                                                                                              

Procédure PL/SQL terminée avec succès.

Ecoulé : 00 :00 :00.03
SQL> set serveroutput on;
SQL> exec test1('clients_fr02');
Le(s) numero(s) de commande vide(s) sont :                                                                                                                                                                                                                                                                                                                                                                                                                                                                                                                                                                                                                                                                                                                                                                                                                                                                                                                                                                                              

Procédure PL/SQL terminée avec succès.

Ecoulé : 00 :00 :00.00
SQL> exec test1('CLIENTS_FR02');
Le(s) numero(s) de commande vide(s) sont :                                                                                                                                                                                                                                                                                                                                                                                                                                                                                                                                                                                                                                                                                                                                                                                                                                                                                                                                                                                              
-  COL1 fin                                                                                                                                                                                                                                                                                                                                                                                                                                                                                                                                                                                                                                                                                                                                                                                                                                                                                                                                                                                                                             
-  COL2 fin                                                                                                                                                                                                                                                                                                                                                                                                                                                                                                                                                                                                                                                                                                                                                                                                                                                                                                                                                                                                                             
-  COL3 fin                                                                                                                                                                                                                                                                                                                                                                                                                                                                                                                                                                                                                                                                                                                                                                                                                                                                                                                                                                                                                             
-  COL4 fin                                                                                                                                                                                                                                                                                                                                                                                                                                                                                                                                                                                                                                                                                                                                                                                                                                                                                                                                                                                                                             
-  COL5 fin                                                                                                                                                                                                                                                                                                                                                                                                                                                                                                                                                                                                                                                                                                                                                                                                                                                                                                                                                                                                                             
-  COL6 fin                                                                                                                                                                                                                                                                                                                                                                                                                                                                                                                                                                                                                                                                                                                                                                                                                                                                                                                                                                                                                             
-  COL7 fin                                                                                                                                                                                                                                                                                                                                                                                                                                                                                                                                                                                                                                                                                                                                                                                                                                                                                                                                                                                                                             
-  COL8 fin                                                                                                                                                                                                                                                                                                                                                                                                                                                                                                                                                                                                                                                                                                                                                                                                                                                                                                                                                                                                                             
-  COL9 fin                                                                                                                                                                                                                                                                                                                                                                                                                                                                                                                                                                                                                                                                                                                                                                                                                                                                                                                                                                                                                             
-  COL10 fin                                                                                                                                                                                                                                                                                                                                                                                                                                                                                                                                                                                                                                                                                                                                                                                                                                                                                                                                                                                                                            
-  COL11 fin                                                                                                                                                                                                                                                                                                                                                                                                                                                                                                                                                                                                                                                                                                                                                                                                                                                                                                                                                                                                                            
-  MAGASIN fin                                                                                                                                                                                                                                                                                                                                                                                                                                                                                                                                                                                                                                                                                                                                                                                                                                                                                                                                                                                                                          

Procédure PL/SQL terminée avec succès.

Ecoulé : 00 :00 :00.00
SQL> exec test1('clients_fr02');
Le(s) numero(s) de commande vide(s) sont :                                                                                                                                                                                                                                                                                                                                                                                                                                                                                                                                                                                                                                                                                                                                                                                                                                                                                                                                                                                              

Procédure PL/SQL terminée avec succès.

Ecoulé : 00 :00 :00.00
SQL> exec test1('CLIENTS_FR02');
Le(s) numero(s) de commande vide(s) sont :                                                                                                                                                                                                                                                                                                                                                                                                                                                                                                                                                                                                                                                                                                                                                                                                                                                                                                                                                                                              
-  COL1 fin                                                                                                                                                                                                                                                                                                                                                                                                                                                                                                                                                                                                                                                                                                                                                                                                                                                                                                                                                                                                                             
-  COL2 fin                                                                                                                                                                                                                                                                                                                                                                                                                                                                                                                                                                                                                                                                                                                                                                                                                                                                                                                                                                                                                             
-  COL3 fin                                                                                                                                                                                                                                                                                                                                                                                                                                                                                                                                                                                                                                                                                                                                                                                                                                                                                                                                                                                                                             
-  COL4 fin                                                                                                                                                                                                                                                                                                                                                                                                                                                                                                                                                                                                                                                                                                                                                                                                                                                                                                                                                                                                                             
-  COL5 fin                                                                                                                                                                                                                                                                                                                                                                                                                                                                                                                                                                                                                                                                                                                                                                                                                                                                                                                                                                                                                             
-  COL6 fin                                                                                                                                                                                                                                                                                                                                                                                                                                                                                                                                                                                                                                                                                                                                                                                                                                                                                                                                                                                                                             
-  COL7 fin                                                                                                                                                                                                                                                                                                                                                                                                                                                                                                                                                                                                                                                                                                                                                                                                                                                                                                                                                                                                                             
-  COL8 fin                                                                                                                                                                                                                                                                                                                                                                                                                                                                                                                                                                                                                                                                                                                                                                                                                                                                                                                                                                                                                             
-  COL9 fin                                                                                                                                                                                                                                                                                                                                                                                                                                                                                                                                                                                                                                                                                                                                                                                                                                                                                                                                                                                                                             
-  COL10 fin                                                                                                                                                                                                                                                                                                                                                                                                                                                                                                                                                                                                                                                                                                                                                                                                                                                                                                                                                                                                                            
-  COL11 fin                                                                                                                                                                                                                                                                                                                                                                                                                                                                                                                                                                                                                                                                                                                                                                                                                                                                                                                                                                                                                            
-  MAGASIN fin                                                                                                                                                                                                                                                                                                                                                                                                                                                                                                                                                                                                                                                                                                                                                                                                                                                                                                                                                                                                                          

Procédure PL/SQL terminée avec succès.

Ecoulé : 00 :00 :00.00
SQL> @toto2

Procédure supprimée.

Ecoulé : 00 :00 :00.03

Procédure créée.

Ecoulé : 00 :00 :00.02
SQL> @toto2

Procédure supprimée.

Ecoulé : 00 :00 :00.03

Avertissement : Procédure créée avec erreurs de compilation.

Ecoulé : 00 :00 :00.02
SQL> @toto2

Procédure supprimée.

Ecoulé : 00 :00 :00.03

Avertissement : Procédure créée avec erreurs de compilation.

Ecoulé : 00 :00 :00.02
SQL> @toto2

Procédure supprimée.

Ecoulé : 00 :00 :00.02

Procédure créée.

Ecoulé : 00 :00 :00.03
SQL> exec test1('CLIENTS_FR02');
BEGIN test1('CLIENTS_FR02'); END;

*
ERREUR à la ligne 1 :
ORA-00904: "CLIENTS_FR02" : identificateur non valide 
ORA-06512: à "M2EID_20.TEST1", ligne 7 
ORA-06512: à ligne 1 


Ecoulé : 00 :00 :00.01
SQL> @toto2

Procédure supprimée.

Ecoulé : 00 :00 :00.04

Procédure créée.

Ecoulé : 00 :00 :00.02
SQL> exec test1('CLIENTS_FR02');
BEGIN test1('CLIENTS_FR02'); END;

*
ERREUR à la ligne 1 :
ORA-00904: "CLIENTS_FR02" : identificateur non valide 
ORA-06512: à "M2EID_20.TEST1", ligne 7 
ORA-06512: à ligne 1 


Ecoulé : 00 :00 :00.00
SQL> @toto2

Procédure supprimée.

Ecoulé : 00 :00 :00.02

Procédure créée.

Ecoulé : 00 :00 :00.03
SQL> exec test1('CLIENTS_FR02');
BEGIN test1('CLIENTS_FR02'); END;

*
ERREUR à la ligne 1 :
ORA-00911: caractère non valide 
ORA-06512: à "M2EID_20.TEST1", ligne 7 
ORA-06512: à ligne 1 


Ecoulé : 00 :00 :00.00
SQL> @toto2

Procédure supprimée.

Ecoulé : 00 :00 :00.02

Procédure créée.

Ecoulé : 00 :00 :00.02
SQL> exec test1('CLIENTS_FR02');
Le(s) numero(s) de commande vide(s) sont :                                                                                                                                                                                                                                                                                                                                                                                                                                                                                                                                                                                                                                                                                                                                                                                                                                                                                                                                                                                              
-  COL1 fin                                                                                                                                                                                                                                                                                                                                                                                                                                                                                                                                                                                                                                                                                                                                                                                                                                                                                                                                                                                                                             
-  COL2 fin                                                                                                                                                                                                                                                                                                                                                                                                                                                                                                                                                                                                                                                                                                                                                                                                                                                                                                                                                                                                                             
-  COL3 fin                                                                                                                                                                                                                                                                                                                                                                                                                                                                                                                                                                                                                                                                                                                                                                                                                                                                                                                                                                                                                             
-  COL4 fin                                                                                                                                                                                                                                                                                                                                                                                                                                                                                                                                                                                                                                                                                                                                                                                                                                                                                                                                                                                                                             
-  COL5 fin                                                                                                                                                                                                                                                                                                                                                                                                                                                                                                                                                                                                                                                                                                                                                                                                                                                                                                                                                                                                                             
-  COL6 fin                                                                                                                                                                                                                                                                                                                                                                                                                                                                                                                                                                                                                                                                                                                                                                                                                                                                                                                                                                                                                             
-  COL7 fin                                                                                                                                                                                                                                                                                                                                                                                                                                                                                                                                                                                                                                                                                                                                                                                                                                                                                                                                                                                                                             
-  COL8 fin                                                                                                                                                                                                                                                                                                                                                                                                                                                                                                                                                                                                                                                                                                                                                                                                                                                                                                                                                                                                                             
-  COL9 fin                                                                                                                                                                                                                                                                                                                                                                                                                                                                                                                                                                                                                                                                                                                                                                                                                                                                                                                                                                                                                             
-  COL10 fin                                                                                                                                                                                                                                                                                                                                                                                                                                                                                                                                                                                                                                                                                                                                                                                                                                                                                                                                                                                                                            
-  COL11 fin                                                                                                                                                                                                                                                                                                                                                                                                                                                                                                                                                                                                                                                                                                                                                                                                                                                                                                                                                                                                                            
-  MAGASIN fin                                                                                                                                                                                                                                                                                                                                                                                                                                                                                                                                                                                                                                                                                                                                                                                                                                                                                                                                                                                                                          

Procédure PL/SQL terminée avec succès.

Ecoulé : 00 :00 :00.04
SQL> @toto2

Procédure supprimée.

Ecoulé : 00 :00 :00.02

Procédure créée.

Ecoulé : 00 :00 :00.02
SQL> exec test1('CLIENTS_FR02');
BEGIN test1('CLIENTS_FR02'); END;

*
ERREUR à la ligne 1 :
ORA-00903: nom de table non valide 
ORA-06512: à "M2EID_20.TEST1", ligne 10 
ORA-06512: à ligne 1 


Ecoulé : 00 :00 :00.01
SQL> @toto2

Procédure supprimée.

Ecoulé : 00 :00 :00.03

Procédure créée.

Ecoulé : 00 :00 :00.02
SQL> exec test1('CLIENTS_FR02');
Le(s) numero(s) de commande vide(s) sont :                                                                                                                                                                                                                                                                                                                                                                                                                                                                                                                                                                                                                                                                                                                                                                                                                                                                                                                                                                                              
-  COL1 fin                                                                                                                                                                                                                                                                                                                                                                                                                                                                                                                                                                                                                                                                                                                                                                                                                                                                                                                                                                                                                             
-  COL2 fin                                                                                                                                                                                                                                                                                                                                                                                                                                                                                                                                                                                                                                                                                                                                                                                                                                                                                                                                                                                                                             
-  COL3 fin                                                                                                                                                                                                                                                                                                                                                                                                                                                                                                                                                                                                                                                                                                                                                                                                                                                                                                                                                                                                                             
-  COL4 fin                                                                                                                                                                                                                                                                                                                                                                                                                                                                                                                                                                                                                                                                                                                                                                                                                                                                                                                                                                                                                             
-  COL5 fin                                                                                                                                                                                                                                                                                                                                                                                                                                                                                                                                                                                                                                                                                                                                                                                                                                                                                                                                                                                                                             
-  COL6 fin                                                                                                                                                                                                                                                                                                                                                                                                                                                                                                                                                                                                                                                                                                                                                                                                                                                                                                                                                                                                                             
-  COL7 fin                                                                                                                                                                                                                                                                                                                                                                                                                                                                                                                                                                                                                                                                                                                                                                                                                                                                                                                                                                                                                             
-  COL8 fin                                                                                                                                                                                                                                                                                                                                                                                                                                                                                                                                                                                                                                                                                                                                                                                                                                                                                                                                                                                                                             
-  COL9 fin                                                                                                                                                                                                                                                                                                                                                                                                                                                                                                                                                                                                                                                                                                                                                                                                                                                                                                                                                                                                                             
-  COL10 fin                                                                                                                                                                                                                                                                                                                                                                                                                                                                                                                                                                                                                                                                                                                                                                                                                                                                                                                                                                                                                            
-  COL11 fin                                                                                                                                                                                                                                                                                                                                                                                                                                                                                                                                                                                                                                                                                                                                                                                                                                                                                                                                                                                                                            
-  MAGASIN fin                                                                                                                                                                                                                                                                                                                                                                                                                                                                                                                                                                                                                                                                                                                                                                                                                                                                                                                                                                                                                          

Procédure PL/SQL terminée avec succès.

Ecoulé : 00 :00 :00.01
SQL> @toto2

Procédure supprimée.

Ecoulé : 00 :00 :00.03

Procédure créée.

Ecoulé : 00 :00 :00.03
SQL> exec test1('CLIENTS_FR02');
Le(s) numero(s) de commande vide(s) sont :                                                                                                                                                                                                                                                                                                                                                                                                                                                                                                                                                                                                                                                                                                                                                                                                                                                                                                                                                                                              
-  COL1 fin                                                                                                                                                                                                                                                                                                                                                                                                                                                                                                                                                                                                                                                                                                                                                                                                                                                                                                                                                                                                                             
BEGIN test1('CLIENTS_FR02'); END;

*
ERREUR à la ligne 1 :
ORA-01727: la précision numérique est hors limites (1 à 38) 
ORA-06512: à "M2EID_20.TEST1", ligne 14 
ORA-06512: à ligne 1 


Ecoulé : 00 :00 :00.00
SQL> @toto2

Procédure supprimée.

Ecoulé : 00 :00 :00.05

Procédure créée.

Ecoulé : 00 :00 :00.02
SQL> exec test1('CLIENTS_FR02');
Le(s) numero(s) de commande vide(s) sont :                                                                                                                                                                                                                                                                                                                                                                                                                                                                                                                                                                                                                                                                                                                                                                                                                                                                                                                                                                                              
-  COL1 fin                                                                                                                                                                                                                                                                                                                                                                                                                                                                                                                                                                                                                                                                                                                                                                                                                                                                                                                                                                                                                             
BEGIN test1('CLIENTS_FR02'); END;

*
ERREUR à la ligne 1 :
ORA-01727: la précision numérique est hors limites (1 à 38) 
ORA-06512: à "M2EID_20.TEST1", ligne 14 
ORA-06512: à ligne 1 


Ecoulé : 00 :00 :00.01
SQL> @toto2

Procédure supprimée.

Ecoulé : 00 :00 :00.02

Procédure créée.

Ecoulé : 00 :00 :00.02
SQL> exec test1('CLIENTS_FR02');
Le(s) numero(s) de commande vide(s) sont :                                                                                                                                                                                                                                                                                                                                                                                                                                                                                                                                                                                                                                                                                                                                                                                                                                                                                                                                                                                              
-  COL1 fin                                                                                                                                                                                                                                                                                                                                                                                                                                                                                                                                                                                                                                                                                                                                                                                                                                                                                                                                                                                                                             
BEGIN test1('CLIENTS_FR02'); END;

*
ERREUR à la ligne 1 :
ORA-01727: la précision numérique est hors limites (1 à 38) 
ORA-06512: à "M2EID_20.TEST1", ligne 14 
ORA-06512: à ligne 1 


Ecoulé : 00 :00 :00.00
SQL> @toto2

Procédure supprimée.

Ecoulé : 00 :00 :00.02

Procédure créée.

Ecoulé : 00 :00 :00.02
SQL> exec test1('CLIENTS_FR02');
Le(s) numero(s) de commande vide(s) sont :                                                                                                                                                                                                                                                                                                                                                                                                                                                                                                                                                                                                                                                                                                                                                                                                                                                                                                                                                                                              
-  COL1 fin                                                                                                                                                                                                                                                                                                                                                                                                                                                                                                                                                                                                                                                                                                                                                                                                                                                                                                                                                                                                                             
BEGIN test1('CLIENTS_FR02'); END;

*
ERREUR à la ligne 1 :
ORA-01727: la précision numérique est hors limites (1 à 38) 
ORA-06512: à "M2EID_20.TEST1", ligne 14 
ORA-06512: à ligne 1 


Ecoulé : 00 :00 :00.00
SQL> @toto2

Procédure supprimée.

Ecoulé : 00 :00 :00.03

Procédure créée.

Ecoulé : 00 :00 :00.03
SQL> exec test1('CLIENTS_FR02');
Le(s) numero(s) de commande vide(s) sont :                                                                                                                                                                                                                                                                                                                                                                                                                                                                                                                                                                                                                                                                                                                                                                                                                                                                                                                                                                                              
-  COL1 fin                                                                                                                                                                                                                                                                                                                                                                                                                                                                                                                                                                                                                                                                                                                                                                                                                                                                                                                                                                                                                             
BEGIN test1('CLIENTS_FR02'); END;

*
ERREUR à la ligne 1 :
ORA-01727: la précision numérique est hors limites (1 à 38) 
ORA-06512: à "M2EID_20.TEST1", ligne 14 
ORA-06512: à ligne 1 


Ecoulé : 00 :00 :00.00
SQL> create table test_mesures ( nbcasenull number(100), nbcasenotnull number(100));
create table test_mesures ( nbcasenull number(100), nbcasenotnull number(100))
                                              *
ERREUR à la ligne 1 :
ORA-01727: la précision numérique est hors limites (1 à 38) 


Ecoulé : 00 :00 :00.01
SQL> create table test_mesures ( nbcasenull number(10), nbcasenotnull number(10));

Table créée.

Ecoulé : 00 :00 :00.03
SQL> drop table test_mesures;

Table supprimée.

Ecoulé : 00 :00 :00.04
SQL> @toto2

Procédure supprimée.

Ecoulé : 00 :00 :00.04

Procédure créée.

Ecoulé : 00 :00 :00.03
SQL> exec test1('CLIENTS_FR02');
Le(s) numero(s) de commande vide(s) sont :                                                                                                                                                                                                                                                                                                                                                                                                                                                                                                                                                                                                                                                                                                                                                                                                                                                                                                                                                                                              
-  COL1 fin                                                                                                                                                                                                                                                                                                                                                                                                                                                                                                                                                                                                                                                                                                                                                                                                                                                                                                                                                                                                                             
BEGIN test1('CLIENTS_FR02'); END;

*
ERREUR à la ligne 1 :
ORA-00907: parenthèse de droite absente 
ORA-06512: à "M2EID_20.TEST1", ligne 14 
ORA-06512: à ligne 1 


Ecoulé : 00 :00 :00.00
SQL> @toto2

Procédure supprimée.

Ecoulé : 00 :00 :00.03

Procédure créée.

Ecoulé : 00 :00 :00.02
SQL> exec test1('CLIENTS_FR02');
Le(s) numero(s) de commande vide(s) sont :                                                                                                                                                                                                                                                                                                                                                                                                                                                                                                                                                                                                                                                                                                                                                                                                                                                                                                                                                                                              
-  COL1 fin                                                                                                                                                                                                                                                                                                                                                                                                                                                                                                                                                                                                                                                                                                                                                                                                                                                                                                                                                                                                                             
-  COL2 fin                                                                                                                                                                                                                                                                                                                                                                                                                                                                                                                                                                                                                                                                                                                                                                                                                                                                                                                                                                                                                             
BEGIN test1('CLIENTS_FR02'); END;

*
ERREUR à la ligne 1 :
ORA-00955: ce nom d'objet existe déjà 
ORA-06512: à "M2EID_20.TEST1", ligne 14 
ORA-06512: à ligne 1 


Ecoulé : 00 :00 :00.04
SQL> drop table CLIENTS_FR02_TEST;
drop table CLIENTS_FR02_TEST
           *
ERREUR à la ligne 1 :
ORA-00942: Table ou vue inexistante 


Ecoulé : 00 :00 :00.02
SQL> drop table CLIENTS_FR02_mesures;

Table supprimée.

Ecoulé : 00 :00 :00.03
SQL> @toto2

Procédure supprimée.

Ecoulé : 00 :00 :00.02

Procédure créée.

Ecoulé : 00 :00 :00.03
SQL> exec test1('CLIENTS_FR02');
Le(s) numero(s) de commande vide(s) sont :                                                                                                                                                                                                                                                                                                                                                                                                                                                                                                                                                                                                                                                                                                                                                                                                                                                                                                                                                                                              
-  COL1 fin                                                                                                                                                                                                                                                                                                                                                                                                                                                                                                                                                                                                                                                                                                                                                                                                                                                                                                                                                                                                                             
-  COL2 fin                                                                                                                                                                                                                                                                                                                                                                                                                                                                                                                                                                                                                                                                                                                                                                                                                                                                                                                                                                                                                             
-  COL3 fin                                                                                                                                                                                                                                                                                                                                                                                                                                                                                                                                                                                                                                                                                                                                                                                                                                                                                                                                                                                                                             
-  COL4 fin                                                                                                                                                                                                                                                                                                                                                                                                                                                                                                                                                                                                                                                                                                                                                                                                                                                                                                                                                                                                                             
-  COL5 fin                                                                                                                                                                                                                                                                                                                                                                                                                                                                                                                                                                                                                                                                                                                                                                                                                                                                                                                                                                                                                             
-  COL6 fin                                                                                                                                                                                                                                                                                                                                                                                                                                                                                                                                                                                                                                                                                                                                                                                                                                                                                                                                                                                                                             
-  COL7 fin                                                                                                                                                                                                                                                                                                                                                                                                                                                                                                                                                                                                                                                                                                                                                                                                                                                                                                                                                                                                                             
-  COL8 fin                                                                                                                                                                                                                                                                                                                                                                                                                                                                                                                                                                                                                                                                                                                                                                                                                                                                                                                                                                                                                             
-  COL9 fin                                                                                                                                                                                                                                                                                                                                                                                                                                                                                                                                                                                                                                                                                                                                                                                                                                                                                                                                                                                                                             
-  COL10 fin                                                                                                                                                                                                                                                                                                                                                                                                                                                                                                                                                                                                                                                                                                                                                                                                                                                                                                                                                                                                                            
-  COL11 fin                                                                                                                                                                                                                                                                                                                                                                                                                                                                                                                                                                                                                                                                                                                                                                                                                                                                                                                                                                                                                            
-  MAGASIN fin                                                                                                                                                                                                                                                                                                                                                                                                                                                                                                                                                                                                                                                                                                                                                                                                                                                                                                                                                                                                                          

Procédure PL/SQL terminée avec succès.

Ecoulé : 00 :00 :00.03
SQL> select * from clients_fr02_mesures;

aucune ligne sélectionnée

Ecoulé : 00 :00 :00.00
SQL> drop table CLIENTS_FR02_mesures;

Table supprimée.

Ecoulé : 00 :00 :00.03
SQL> @toto2

Procédure supprimée.

Ecoulé : 00 :00 :00.03

Procédure créée.

Ecoulé : 00 :00 :00.02
SQL> exec test1('CLIENTS_FR02');
Le(s) numero(s) de commande vide(s) sont :                                                                                                                                                                                                                                                                                                                                                                                                                                                                                                                                                                                                                                                                                                                                                                                                                                                                                                                                                                                              
-  COL1 fin                                                                                                                                                                                                                                                                                                                                                                                                                                                                                                                                                                                                                                                                                                                                                                                                                                                                                                                                                                                                                             
-  COL2 fin                                                                                                                                                                                                                                                                                                                                                                                                                                                                                                                                                                                                                                                                                                                                                                                                                                                                                                                                                                                                                             
-  COL3 fin                                                                                                                                                                                                                                                                                                                                                                                                                                                                                                                                                                                                                                                                                                                                                                                                                                                                                                                                                                                                                             
-  COL4 fin                                                                                                                                                                                                                                                                                                                                                                                                                                                                                                                                                                                                                                                                                                                                                                                                                                                                                                                                                                                                                             
-  COL5 fin                                                                                                                                                                                                                                                                                                                                                                                                                                                                                                                                                                                                                                                                                                                                                                                                                                                                                                                                                                                                                             
-  COL6 fin                                                                                                                                                                                                                                                                                                                                                                                                                                                                                                                                                                                                                                                                                                                                                                                                                                                                                                                                                                                                                             
-  COL7 fin                                                                                                                                                                                                                                                                                                                                                                                                                                                                                                                                                                                                                                                                                                                                                                                                                                                                                                                                                                                                                             
-  COL8 fin                                                                                                                                                                                                                                                                                                                                                                                                                                                                                                                                                                                                                                                                                                                                                                                                                                                                                                                                                                                                                             
-  COL9 fin                                                                                                                                                                                                                                                                                                                                                                                                                                                                                                                                                                                                                                                                                                                                                                                                                                                                                                                                                                                                                             
-  COL10 fin                                                                                                                                                                                                                                                                                                                                                                                                                                                                                                                                                                                                                                                                                                                                                                                                                                                                                                                                                                                                                            
-  COL11 fin                                                                                                                                                                                                                                                                                                                                                                                                                                                                                                                                                                                                                                                                                                                                                                                                                                                                                                                                                                                                                            
-  MAGASIN fin                                                                                                                                                                                                                                                                                                                                                                                                                                                                                                                                                                                                                                                                                                                                                                                                                                                                                                                                                                                                                          

Procédure PL/SQL terminée avec succès.

Ecoulé : 00 :00 :00.02
SQL> select * from clients_fr02_mesures;

aucune ligne sélec